Microchip MPLAB XC8 Compiler V2.36

Linker command line:

-W-3 --edf=C:\Program Files\Microchip\xc8\v2.36\pic\dat\en_msgs.txt \
  -pivt0x8=08h -cn \
  -h+dist/default/production\CAN_Leksell_Stepper.X.production.sym \
  --cmf=dist/default/production\CAN_Leksell_Stepper.X.production.cmf -z \
  -Q18F26K83 -oC:\Users\acer\AppData\Local\Temp\xcAsba0.4 \
  --defsym=__MPLAB_BUILD=1 \
  -Mdist/default/production/CAN_Leksell_Stepper.X.production.map \
  --md=C:\Users\acer\AppData\Local\Temp\xcAsba0.dat -E1 -ver=XC8 Compiler \
  --acfsm=1493 -ACODE=00h-0FFFFh -ACONST=00h-0FFFFh \
  -ASMALLCONST=01000h-010FFhx240 -AMEDIUMCONST=01000h-0FFFFh \
  -ACOMRAM=01h-05Fh -AABS1=00h-0FFFh -ABIGRAM=01h-0FFFh \
  -ARAM=060h-0FFh,0100h-01FFhx15 -ABANK0=060h-0FFh -ABANK1=0100h-01FFh \
  -ABANK2=0200h-02FFh -ABANK3=0300h-03FFh -ABANK4=0400h-04FFh \
  -ABANK5=0500h-05FFh -ABANK6=0600h-06FFh -ABANK7=0700h-07FFh \
  -ABANK8=0800h-08FFh -ABANK9=0900h-09FFh -ABANK10=0A00h-0AFFh \
  -ABANK11=0B00h-0BFFh -ABANK12=0C00h-0CFFh -ABANK13=0D00h-0DFFh \
  -ABANK14=0E00h-0EFFh -ABANK15=0F00h-0FFFh \
  -ASFR=03700h-037FFhx8,03F00h-03F5Fh,03F60h-03FFFh -ABIGSFR=03700h-03FFFh \
  -ACONFIG=0300000h-0300009h -AIDLOC=0200000h-020000Fh \
  -AEEDATA=0310000h-03103FFh -peeprom_data=EEDATA -preset_vec=00h \
  -ppowerup=CODE,init -pramtop=01000h -psmallconst=SMALLCONST \
  -pmediumconst=MEDIUMCONST -pconst=CONST -AFARRAM=00h-00h \
  -prdata=COMRAM,nvrram=COMRAM,nvbit=COMRAM,rbss=COMRAM,rbit=COMRAM \
  -pfarbss=FARRAM,fardata=FARRAM,nvFARRAM=FARRAM \
  -pintsave_regs=BIGRAM,bigbss=BIGRAM,bigdata=BIGRAM -pbss=RAM \
  -pidata=CODE,irdata=CODE,ibigdata=CODE,ifardata=CODE -prparam=COMRAM \
  C:\Users\acer\AppData\Local\Temp\xcAsba0.o \
  dist/default/production\CAN_Leksell_Stepper.X.production.o 

Object code version is 3.11

Machine type is 18F26K83



                Name                               Link     Load   Length Selector   Space Scale
C:\Users\acer\AppData\Local\Temp\xcAsba0.o
                idloc                            200000   200000       10        0       5
                config                           300000   300000        A        0       4
                init                                 1A       1A        4        4       0
                reset_vec                             0        0        4        0       0
dist/default/production\CAN_Leksell_Stepper.X.production.o
                idloc                            200000   200000       10        0       5
                config                           300000   300000        A        0       4
                smallconst                         1000     1000       14      800       0
                ivt0x8                                8        8       12        4       0
                text160                            761A     761A        2      80A       0
                text159                            6174     6174       86      80A       0
                text158                            702A     702A       32      80A       0
                text157                            7618     7618        2      80A       0
                text156                            6FF8     6FF8       32      80A       0
                text155                            7616     7616        2      80A       0
                text154                            6FC6     6FC6       32      80A       0
                text153                            6E46     6E46       3E      80A       0
                text152                            7614     7614        2      80A       0
                text151                            70BA     70BA       2E      80A       0
                text150                            75FC     75FC        A      80A       0
                text149                            6F92     6F92       34      80A       0
                text148                            7584     7584       10      80A       0
                text147                            7574     7574       10      80A       0
                text146                            6F5E     6F5E       34      80A       0
                text145                            7564     7564       10      80A       0
                text144                            7554     7554       10      80A       0
                text143                            6548     6548       74      80A       0
                text142                            7502     7502       12      80A       0
                text141                            74F0     74F0       12      80A       0
                text140                            5856     5856       C4      80A       0
                text139                            739A     739A       22      80A       0
                text138                            6844     6844       68      80A       0
                text137                            7612     7612        2      80A       0
                text136                            6E08     6E08       3E      80A       0
                text135                            708C     708C       2E      80A       0
                text134                            705C     705C       30      80A       0
                text133                            6C6E     6C6E       48      80A       0
                text132                            5A92     5A92       B8      80A       0
                text131                            670A     670A       6A      80A       0
                text130                            4F18     4F18      104      80A       0
                text129                            38D0     38D0      1BA      80A       0
                text128                            73BC     73BC       1E      80A       0
                text127                            6A12     6A12       52      80A       0
                text126                            46D4     46D4      148      80A       0
                text125                            6B94     6B94       4A      80A       0
                text124                            696C     696C       54      80A       0
                text123                            4A9A     4A9A      138      80A       0
                text122                            3714     3714      1BC      80A       0
                text121                            7476     7476       18      80A       0
                text120                            7378     7378       22      80A       0
                text119                            5E9A     5E9A       9C      80A       0
                text118                            7606     7606        8      80A       0
                text117                            6F2A     6F2A       34      80A       0
                text116                            6EF6     6EF6       34      80A       0
                text115                            7356     7356       22      80A       0
                text114                            73F6     73F6       1C      80A       0
                text113                            7544     7544       10      80A       0
                text112                            7534     7534       10      80A       0
                text111                            7524     7524       10      80A       0
                text110                            7514     7514       10      80A       0
                text109                            64D4     64D4       74      80A       0
                text108                            74DE     74DE       12      80A       0
                text107                            74CC     74CC       12      80A       0
                text106                            5792     5792       C4      80A       0
                text105                            7334     7334       22      80A       0
                text104                            5D54     5D54       A4      80A       0
                text103                            56CE     56CE       C4      80A       0
                text102                            6066     6066       88      80A       0
                text101                            5608     5608       C6      80A       0
                text100                            30E0     30E0      24C      80A       0
                text99                             6D42     6D42       44      80A       0
                text98                             6DC8     6DC8       40      80A       0
                text97                             68AC     68AC       64      80A       0
                text96                             1986     1986      44E      80A       0
                text95                             3A8A     3A8A      1B4      80A       0
                text94                             5DF8     5DF8       A2      80A       0
                text93                             52D0     52D0       D4      80A       0
                text92                             553C     553C       CC      80A       0
                text91                             75F2     75F2        A      80A       0
                text90                             6D86     6D86       42      80A       0
                text89                             75E8     75E8        A      80A       0
                text88                             5112     5112       E0      80A       0
                text87                             72A2     72A2       26      80A       0
                text86                             727C     727C       26      80A       0
                text85                             6EBE     6EBE       38      80A       0
                text84                             6C26     6C26       48      80A       0
                text83                             669C     669C       6E      80A       0
                text82                             7254     7254       28      80A       0
                text81                             65BC     65BC       72      80A       0
                text80                             67DC     67DC       68      80A       0
                text79                             501C     501C       F6      80A       0
                text78                             5470     5470       CC      80A       0
                text77                             51F2     51F2       DE      80A       0
                text76                             73DA     73DA       1C      80A       0
                text75                             6774     6774       68      80A       0
                text74                             69C0     69C0       52      80A       0
                text73                             1014     1014      4C0      80A       0
                text72                             6CFC     6CFC       46      80A       0
                text71                             43EA     43EA      17A      80A       0
                text70                             62F6     62F6       7C      80A       0
                text69                             591A     591A       BE      80A       0
                text68                             5FCE     5FCE       98      80A       0
                text67                             6B48     6B48       4C      80A       0
                text66                             74BA     74BA       12      80A       0
                text65                             4270     4270      17A      80A       0
                text64                             6CB6     6CB6       46      80A       0
                text63                             332C     332C      212      80A       0
                text62                             2E82     2E82      25E      80A       0
                text61                             353E     353E      1D6      80A       0
                text60                             481C     481C      144      80A       0
                text59                             6910     6910       5C      80A       0
                text58                             2134     2134      304      80A       0
                text57                             722C     722C       28      80A       0
                text56                             4BD2     4BD2      128      80A       0
                text55                             4564     4564      170      80A       0
                text54                             14D4     14D4      4B2      80A       0
                text53                             7310     7310       24      80A       0
                text52                             4960     4960      13A      80A       0
                text51                             6372     6372       78      80A       0
                text50                             2438     2438      2B8      80A       0
                text49                             4CFA     4CFA      118      80A       0
                text48                             5F36     5F36       98      80A       0
                text47                             6460     6460       74      80A       0
                text46                             3DDE     3DDE      198      80A       0
                text45                             1DD4     1DD4      360      80A       0
                text44                             59D8     59D8       BA      80A       0
                text43                             74A4     74A4       16      80A       0
                text42                             748E     748E       16      80A       0
                text41                             6AFC     6AFC       4C      80A       0
                text40                             7204     7204       28      80A       0
                text39                             71DC     71DC       28      80A       0
                text38                             71B4     71B4       28      80A       0
                text37                             6AB0     6AB0       4C      80A       0
                text36                             718C     718C       28      80A       0
                text35                             6A64     6A64       4C      80A       0
                text34                             6E84     6E84       3A      80A       0
                text33                             6278     6278       7E      80A       0
                text32                             7164     7164       28      80A       0
                text31                             713C     713C       28      80A       0
                text30                             29A0     29A0      282      80A       0
                text29                             63EA     63EA       76      80A       0
                text28                             6BDE     6BDE       48      80A       0
                text27                             2C22     2C22      260      80A       0
                text26                             5BFC     5BFC       B0      80A       0
                text25                             40F4     40F4      17C      80A       0
                text24                             61FA     61FA       7E      80A       0
                text23                             3C3E     3C3E      1A0      80A       0
                text22                             5B4A     5B4A       B2      80A       0
                text21                             3F76     3F76      17E      80A       0
                text20                             4E12     4E12      106      80A       0
                text19                             26F0     26F0      2B0      80A       0
                text18                             53A4     53A4       CC      80A       0
                text17                             7594     7594        E      80A       0
                text16                             745E     745E       18      80A       0
                text15                             75DE     75DE        A      80A       0
                text14                             75D4     75D4        A      80A       0
                text13                             5CAC     5CAC       A8      80A       0
                text12                             72EC     72EC       24      80A       0
                text11                             742C     742C       1A      80A       0
                text10                             7412     7412       1A      80A       0
                text9                              75CA     75CA        A      80A       0
                text8                              72C8     72C8       24      80A       0
                text7                              7112     7112       2A      80A       0
                text6                              75C0     75C0        A      80A       0
                text5                              75B6     75B6        A      80A       0
                text4                              75AC     75AC        A      80A       0
                text3                              75A2     75A2        A      80A       0
                text2                              60EE     60EE       86      80A       0
                text1                              70E8     70E8       2A      80A       0
                text0                              7446     7446       18      80A       0
                cstackCOMRAM                          1        1       4B        1       1
                cstackBANK0                          A4       A4       33       60       1
                bssBANK1                            100      100       A4      100       1
                dataBANK0                            EA       EA        2       60       1
                bssBANK0                             60       60       44       60       1
                dataCOMRAM                           54       54        2        1       1
                bssCOMRAM                            4C       4C        8        1       1
                cinit                              662E     662E       6E      80A       0
                nvBANK0                              D7       D7       13       60       1
                idataBANK0                         7610     7610        2      80A       0
                idataCOMRAM                        760E     760E        2      80A       0

TOTAL           Name                               Link     Load   Length     Space
        CLASS   CODE           
                init                                 1A       1A        4         0
                reset_vec                             0        0        4         0
                ivt0x8                                8        8       12         0
                text160                            761A     761A        2         0
                text159                            6174     6174       86         0
                text158                            702A     702A       32         0
                text157                            7618     7618        2         0
                text156                            6FF8     6FF8       32         0
                text155                            7616     7616        2         0
                text154                            6FC6     6FC6       32         0
                text153                            6E46     6E46       3E         0
                text152                            7614     7614        2         0
                text151                            70BA     70BA       2E         0
                text150                            75FC     75FC        A         0
                text149                            6F92     6F92       34         0
                text148                            7584     7584       10         0
                text147                            7574     7574       10         0
                text146                            6F5E     6F5E       34         0
                text145                            7564     7564       10         0
                text144                            7554     7554       10         0
                text143                            6548     6548       74         0
                text142                            7502     7502       12         0
                text141                            74F0     74F0       12         0
                text140                            5856     5856       C4         0
                text139                            739A     739A       22         0
                text138                            6844     6844       68         0
                text137                            7612     7612        2         0
                text136                            6E08     6E08       3E         0
                text135                            708C     708C       2E         0
                text134                            705C     705C       30         0
                text133                            6C6E     6C6E       48         0
                text132                            5A92     5A92       B8         0
                text131                            670A     670A       6A         0
                text130                            4F18     4F18      104         0
                text129                            38D0     38D0      1BA         0
                text128                            73BC     73BC       1E         0
                text127                            6A12     6A12       52         0
                text126                            46D4     46D4      148         0
                text125                            6B94     6B94       4A         0
                text124                            696C     696C       54         0
                text123                            4A9A     4A9A      138         0
                text122                            3714     3714      1BC         0
                text121                            7476     7476       18         0
                text120                            7378     7378       22         0
                text119                            5E9A     5E9A       9C         0
                text118                            7606     7606        8         0
                text117                            6F2A     6F2A       34         0
                text116                            6EF6     6EF6       34         0
                text115                            7356     7356       22         0
                text114                            73F6     73F6       1C         0
                text113                            7544     7544       10         0
                text112                            7534     7534       10         0
                text111                            7524     7524       10         0
                text110                            7514     7514       10         0
                text109                            64D4     64D4       74         0
                text108                            74DE     74DE       12         0
                text107                            74CC     74CC       12         0
                text106                            5792     5792       C4         0
                text105                            7334     7334       22         0
                text104                            5D54     5D54       A4         0
                text103                            56CE     56CE       C4         0
                text102                            6066     6066       88         0
                text101                            5608     5608       C6         0
                text100                            30E0     30E0      24C         0
                text99                             6D42     6D42       44         0
                text98                             6DC8     6DC8       40         0
                text97                             68AC     68AC       64         0
                text96                             1986     1986      44E         0
                text95                             3A8A     3A8A      1B4         0
                text94                             5DF8     5DF8       A2         0
                text93                             52D0     52D0       D4         0
                text92                             553C     553C       CC         0
                text91                             75F2     75F2        A         0
                text90                             6D86     6D86       42         0
                text89                             75E8     75E8        A         0
                text88                             5112     5112       E0         0
                text87                             72A2     72A2       26         0
                text86                             727C     727C       26         0
                text85                             6EBE     6EBE       38         0
                text84                             6C26     6C26       48         0
                text83                             669C     669C       6E         0
                text82                             7254     7254       28         0
                text81                             65BC     65BC       72         0
                text80                             67DC     67DC       68         0
                text79                             501C     501C       F6         0
                text78                             5470     5470       CC         0
                text77                             51F2     51F2       DE         0
                text76                             73DA     73DA       1C         0
                text75                             6774     6774       68         0
                text74                             69C0     69C0       52         0
                text73                             1014     1014      4C0         0
                text72                             6CFC     6CFC       46         0
                text71                             43EA     43EA      17A         0
                text70                             62F6     62F6       7C         0
                text69                             591A     591A       BE         0
                text68                             5FCE     5FCE       98         0
                text67                             6B48     6B48       4C         0
                text66                             74BA     74BA       12         0
                text65                             4270     4270      17A         0
                text64                             6CB6     6CB6       46         0
                text63                             332C     332C      212         0
                text62                             2E82     2E82      25E         0
                text61                             353E     353E      1D6         0
                text60                             481C     481C      144         0
                text59                             6910     6910       5C         0
                text58                             2134     2134      304         0
                text57                             722C     722C       28         0
                text56                             4BD2     4BD2      128         0
                text55                             4564     4564      170         0
                text54                             14D4     14D4      4B2         0
                text53                             7310     7310       24         0
                text52                             4960     4960      13A         0
                text51                             6372     6372       78         0
                text50                             2438     2438      2B8         0
                text49                             4CFA     4CFA      118         0
                text48                             5F36     5F36       98         0
                text47                             6460     6460       74         0
                text46                             3DDE     3DDE      198         0
                text45                             1DD4     1DD4      360         0
                text44                             59D8     59D8       BA         0
                text43                             74A4     74A4       16         0
                text42                             748E     748E       16         0
                text41                             6AFC     6AFC       4C         0
                text40                             7204     7204       28         0
                text39                             71DC     71DC       28         0
                text38                             71B4     71B4       28         0
                text37                             6AB0     6AB0       4C         0
                text36                             718C     718C       28         0
                text35                             6A64     6A64       4C         0
                text34                             6E84     6E84       3A         0
                text33                             6278     6278       7E         0
                text32                             7164     7164       28         0
                text31                             713C     713C       28         0
                text30                             29A0     29A0      282         0
                text29                             63EA     63EA       76         0
                text28                             6BDE     6BDE       48         0
                text27                             2C22     2C22      260         0
                text26                             5BFC     5BFC       B0         0
                text25                             40F4     40F4      17C         0
                text24                             61FA     61FA       7E         0
                text23                             3C3E     3C3E      1A0         0
                text22                             5B4A     5B4A       B2         0
                text21                             3F76     3F76      17E         0
                text20                             4E12     4E12      106         0
                text19                             26F0     26F0      2B0         0
                text18                             53A4     53A4       CC         0
                text17                             7594     7594        E         0
                text16                             745E     745E       18         0
                text15                             75DE     75DE        A         0
                text14                             75D4     75D4        A         0
                text13                             5CAC     5CAC       A8         0
                text12                             72EC     72EC       24         0
                text11                             742C     742C       1A         0
                text10                             7412     7412       1A         0
                text9                              75CA     75CA        A         0
                text8                              72C8     72C8       24         0
                text7                              7112     7112       2A         0
                text6                              75C0     75C0        A         0
                text5                              75B6     75B6        A         0
                text4                              75AC     75AC        A         0
                text3                              75A2     75A2        A         0
                text2                              60EE     60EE       86         0
                text1                              70E8     70E8       2A         0
                text0                              7446     7446       18         0
                cinit                              662E     662E       6E         0
                idataBANK0                         7610     7610        2         0
                idataCOMRAM                        760E     760E        2         0

        CLASS   CONST          

        CLASS   SMALLCONST     
                smallconst                         1000     1000       14         0

        CLASS   MEDIUMCONST    

        CLASS   COMRAM         
                cstackCOMRAM                          1        1       4B         1
                dataCOMRAM                           54       54        2         1
                bssCOMRAM                            4C       4C        8         1

        CLASS   ABS1           

        CLASS   BIGRAM         

        CLASS   RAM            

        CLASS   BANK0          
                cstackBANK0                          A4       A4       33         1
                dataBANK0                            EA       EA        2         1
                bssBANK0                             60       60       44         1
                nvBANK0                              D7       D7       13         1

        CLASS   BANK1          
                bssBANK1                            100      100       A4         1

        CLASS   BANK2          

        CLASS   BANK3          

        CLASS   BANK4          

        CLASS   BANK5          

        CLASS   BANK6          

        CLASS   BANK7          

        CLASS   BANK8          

        CLASS   BANK9          

        CLASS   BANK10         

        CLASS   BANK11         

        CLASS   BANK12         

        CLASS   BANK13         

        CLASS   BANK14         

        CLASS   BANK15         

        CLASS   SFR            

        CLASS   BIGSFR         

        CLASS   CONFIG         
                config                           300000   300000        A         4

        CLASS   IDLOC          
                idloc                            200000   200000       10         5

        CLASS   EEDATA         

        CLASS   FARRAM         

        CLASS   HEAP           

        CLASS   STACK          



SEGMENTS        Name                           Load    Length   Top    Selector   Space  Class

                reset_vec                      000000  000004  000004         0       0  CODE    
                cstackCOMRAM                   000001  000055  000056         1       1  COMRAM  
                ivt0x8                         000008  000016  00001E         4       0  CODE    
                bssBANK0                       000060  00008C  0000EC        60       1  BANK0   
                bssBANK1                       000100  0000A4  0001A4       100       1  BANK1   
                smallconst                     001000  000014  001014       800       0  SMALLCON
                text73                         001014  006608  00761C       80A       0  CODE    


UNUSED ADDRESS RANGES

        Name                Unused          Largest block    Delta
        BANK0            0000EC-0000FF               14
        BANK1            0001A4-0001FF               5C
        BANK10           000A00-000AFF              100
        BANK11           000B00-000BFF              100
        BANK12           000C00-000CFF              100
        BANK13           000D00-000DFF              100
        BANK14           000E00-000EFF              100
        BANK15           000F00-000FFF              100
        BANK2            000200-0002FF              100
        BANK3            000300-0003FF              100
        BANK4            000400-0004FF              100
        BANK5            000500-0005FF              100
        BANK6            000600-0006FF              100
        BANK7            000700-0007FF              100
        BANK8            000800-0008FF              100
        BANK9            000900-0009FF              100
        BIGRAM           000056-00005F                A
                         0000EC-0000FF               14
                         0001A4-000FFF              E5C
        BIGSFR           003700-003FFF              900
        CODE             000004-000007                4
                         00001E-000FFF              FE2
                         00761C-00FFFF             89E4
        COMRAM           000056-00005F                A
        CONST            000004-000007                4
                         00001E-000FFF              FE2
                         00761C-00FFFF             89E4
        EEDATA           310000-3103FF              400
        MEDIUMCONST      00761C-00FFFF             89E4
        RAM              0000EC-0000FF               14
                         0001A4-000FFF              100
        SFR              003700-003FFF              100
        SMALLCONST       00761C-00FFFF              100

                                  Symbol Table

?_APP_CONFIG_CalculateChecksum                        cstackCOMRAM 00000B
?_AXIS_AbsFloat                                       cstackCOMRAM 000023
?_AXIS_GetCurrentPositionMm                           cstackCOMRAM 00000B
?_AXIS_GetHomingSeekTravelMm                          cstackCOMRAM 000027
?_AXIS_GetPositionDeltaMm                             cstackCOMRAM 00000B
?_AXIS_GetTargetPositionMm                            cstackCOMRAM 00000B
?_CAN_PROTOCOL_BuildResponse                          cstackCOMRAM 00000E
?_CAN_PROTOCOL_BytesToFloat                           cstackCOMRAM 00000B
?_ENCODER_ConvertRawCountToPositionMm                 cstackCOMRAM 000032
?_ENCODER_GetPositionMm                               cstackCOMRAM 000019
?_ENCODER_GetRawCount                                 cstackCOMRAM 00000B
?_MOTOR_ClampStepFrequencyHz                          cstackCOMRAM 00000B
?___fladd                                             cstackCOMRAM 00000B
?___flmul                                             cstackCOMRAM 000019
?___flneg                                             cstackCOMRAM 00000B
?___flsub                                             cstackCOMRAM 00001B
?___fltol                                             cstackCOMRAM 00000B
?___lldiv                                             cstackCOMRAM 00000B
?___xxtofl                                            cstackCOMRAM 00000B
?_convertReg2ExtendedCANid                            cstackCOMRAM 00000B
?_convertReg2StandardCANid                            cstackCOMRAM 00000B
?_millis                                              cstackCOMRAM 00000B
APP_CONFIG_CalculateChecksum@bytes                    cstackCOMRAM 00000E
APP_CONFIG_CalculateChecksum@config                   cstackCOMRAM 00000B
APP_CONFIG_CalculateChecksum@i                        cstackCOMRAM 000012
APP_CONFIG_CalculateChecksum@sum                      cstackCOMRAM 000010
APP_CONFIG_IsDataValid@config                         cstackCOMRAM 000017
APP_CONFIG_Load@axis                                  cstackCOMRAM 00001B
APP_CONFIG_Load@config                                cstackCOMRAM 000021
APP_CONFIG_Load@encoder                               cstackCOMRAM 00001F
APP_CONFIG_Load@motor                                 cstackCOMRAM 00001D
APP_CONFIG_ReadBytes@address                          cstackCOMRAM 00000D
APP_CONFIG_ReadBytes@data                             cstackCOMRAM 00000F
APP_CONFIG_ReadBytes@i                                cstackCOMRAM 000012
APP_CONFIG_ReadBytes@length                           cstackCOMRAM 000011
APP_CONFIG_Save@axis                                  cstackCOMRAM 000015
APP_CONFIG_Save@config                                cstackCOMRAM 00001B
APP_CONFIG_Save@encoder                               cstackCOMRAM 000019
APP_CONFIG_Save@motor                                 cstackCOMRAM 000017
APP_CONFIG_WriteBytes@address                         cstackCOMRAM 00000F
APP_CONFIG_WriteBytes@data                            cstackCOMRAM 000011
APP_CONFIG_WriteBytes@i                               cstackCOMRAM 000014
APP_CONFIG_WriteBytes@length                          cstackCOMRAM 000013
AXIS_AbsFloat@value                                   cstackCOMRAM 000023
AXIS_CommandMotor@axis                                cstackCOMRAM 000027
AXIS_CommandMotor@direction                           cstackCOMRAM 000029
AXIS_CommandMotor@frequencyHz                         cstackCOMRAM 00002A
AXIS_EmergencyStop@axis                               cstackCOMRAM 000025
AXIS_GetCurrentPositionMm@axis                        cstackCOMRAM 00000B
AXIS_GetDirectionForNegativeMove@axis                 cstackCOMRAM 00000B
AXIS_GetDirectionForPositiveMove@axis                 cstackCOMRAM 00000B
AXIS_GetFaultCode@axis                                cstackCOMRAM 00000B
AXIS_GetHomingDetectionCount@axis                     cstackCOMRAM 00000B
AXIS_GetHomingSeekTravelMm@axis                       cstackCOMRAM 000027
AXIS_GetHomingStep@axis                               cstackCOMRAM 00000B
AXIS_GetOppositeDirection@direction                   cstackCOMRAM 00000B
AXIS_GetPositionDeltaMm@axis                          cstackCOMRAM 00000B
AXIS_GetState@axis                                    cstackCOMRAM 00000B
AXIS_GetTargetPositionMm@axis                         cstackCOMRAM 00000B
AXIS_HandleHoming@axis                                cstackBANK0  0000A6
AXIS_HandleHomingFinalBackoff@axis                    cstackCOMRAM 00002E
AXIS_HandleHomingFinalBackoff@backoffTravelMm         cstackCOMRAM 000030
AXIS_HandleHomingFinish@axis                          cstackCOMRAM 00001D
AXIS_HandleHomingReapproachReference@axis             cstackCOMRAM 00002E
AXIS_HandleHomingReapproachReference@seekTravelMm     cstackCOMRAM 000032
AXIS_HandleHomingReleaseFromReference@axis            cstackCOMRAM 00002E
AXIS_HandleHomingReleaseFromReference@releaseTravelMm cstackCOMRAM 000030
AXIS_HandleHomingSeekReference@axis                   cstackCOMRAM 00002E
AXIS_HandleHomingSeekReference@seekTravelMm           cstackCOMRAM 000030
AXIS_HandleHomingZeroEncoder@axis                     cstackBANK0  0000A4
AXIS_HasFault@axis                                    cstackCOMRAM 00000B
AXIS_Home@axis                                        cstackCOMRAM 00000F
AXIS_HomingWaitDone@axis                              cstackCOMRAM 000025
AXIS_Initialise@axis                                  cstackCOMRAM 000021
AXIS_Initialise@defaultConfig                         cstackBANK0  0000A4
AXIS_Initialise@encoder                               cstackCOMRAM 000025
AXIS_Initialise@motor                                 cstackCOMRAM 000023
AXIS_IsBusy@axis                                      cstackCOMRAM 00000B
AXIS_IsEmergencyActive@axis                           cstackCOMRAM 00000B
AXIS_IsEncoderMotionStopped@axis                      cstackCOMRAM 00000F
AXIS_IsEncoderMotionStopped@currentRaw                cstackCOMRAM 000015
AXIS_IsEncoderMotionStopped@deltaRaw                  cstackCOMRAM 000019
AXIS_IsHomed@axis                                     cstackCOMRAM 00000B
AXIS_IsWithinTravelRange@axis                         cstackCOMRAM 000017
AXIS_IsWithinTravelRange@positionMm                   cstackCOMRAM 000019
AXIS_LoadDefaultConfig@config                         cstackCOMRAM 00000B
AXIS_MoveDeltaMm@axis                                 cstackCOMRAM 00002A
AXIS_MoveDeltaMm@deltaMm                              cstackCOMRAM 00002C
AXIS_MoveToMm@axis                                    cstackCOMRAM 000023
AXIS_MoveToMm@positionMm                              cstackCOMRAM 000025
AXIS_ResetFault@axis                                  cstackCOMRAM 000025
AXIS_SetFault@axis                                    cstackCOMRAM 000025
AXIS_SetFault@faultCode                               cstackCOMRAM 000027
AXIS_Stop@axis                                        cstackCOMRAM 00000B
AXIS_StopMotor@axis                                   cstackCOMRAM 000021
AXIS_Task@absDeltaMm                                  cstackBANK0  0000B8
AXIS_Task@axis                                        cstackBANK0  0000B4
AXIS_Task@moveFrequencyHz                             cstackBANK0  0000BC
AXIS_UpdateFeedback@axis                              cstackBANK0  0000A4
CAN_PROTOCOL_BuildFlags@flags                         cstackCOMRAM 00000D
CAN_PROTOCOL_BuildFlags@status                        cstackCOMRAM 00000B
CAN_PROTOCOL_BuildResponse@commandEcho                cstackCOMRAM 000014
CAN_PROTOCOL_BuildResponse@response                   cstackCOMRAM 000015
CAN_PROTOCOL_BuildResponse@result                     cstackCOMRAM 00000F
CAN_PROTOCOL_BuildResponse@sequenceEcho               cstackCOMRAM 00000E
CAN_PROTOCOL_BuildResponse@status                     cstackCOMRAM 000010
CAN_PROTOCOL_BytesToFloat@b0                          cstackCOMRAM 00000F
CAN_PROTOCOL_BytesToFloat@b1                          cstackCOMRAM 00000B
CAN_PROTOCOL_BytesToFloat@b2                          cstackCOMRAM 00000C
CAN_PROTOCOL_BytesToFloat@b3                          cstackCOMRAM 00000D
CAN_PROTOCOL_BytesToFloat@converter                   cstackCOMRAM 000010
CAN_PROTOCOL_SendResponse@canId                       cstackCOMRAM 000024
CAN_PROTOCOL_SendResponse@msg                         cstackCOMRAM 000028
CAN_PROTOCOL_SendResponse@response                    cstackCOMRAM 000026
CAN_PROTOCOL_TryReadCommand@command                   cstackCOMRAM 000023
CAN_PROTOCOL_TryReadCommand@expectedCanId             cstackCOMRAM 000021
CAN_PROTOCOL_TryReadCommand@msg                       cstackCOMRAM 00002B
CAN_PROTOCOL_TryReadCommand@received                  cstackCOMRAM 000025
CAN_receive@returnValue                               cstackCOMRAM 000020
CAN_receive@tempCanMsg                                cstackCOMRAM 00001E
CAN_transmit@returnValue                              cstackCOMRAM 00001F
CAN_transmit@tempCanMsg                               cstackCOMRAM 00001D
CAN_transmit@tempEIDH                                 cstackCOMRAM 000020
CAN_transmit@tempEIDL                                 cstackCOMRAM 000021
CAN_transmit@tempSIDH                                 cstackCOMRAM 000022
CAN_transmit@tempSIDL                                 cstackCOMRAM 000023
DATAEE_ReadByte@bAdd                                  cstackCOMRAM 00000B
DATAEE_WriteByte@GIEBitValue                          cstackCOMRAM 00000E
DATAEE_WriteByte@bAdd                                 cstackCOMRAM 00000B
DATAEE_WriteByte@bData                                cstackCOMRAM 00000D
ENCODER_ConvertRawCountToPositionMm@encoder           cstackCOMRAM 000032
ENCODER_ConvertRawCountToPositionMm@rawCount          cstackCOMRAM 000034
ENCODER_GetPositionMm@encoder                         cstackCOMRAM 000019
ENCODER_GetRawCount@encoder                           cstackCOMRAM 00000B
ENCODER_ISR_Update@a                                  cstackCOMRAM 000002
ENCODER_ISR_Update@b                                  cstackCOMRAM 000001
ENCODER_Initialise@encoder                            cstackCOMRAM 00000D
ENCODER_IsScaleValid@encoder                          cstackCOMRAM 000017
ENCODER_IsValid@encoder                               cstackCOMRAM 00000B
ENCODER_PlatformReadRawCount@encoder                  cstackCOMRAM 00000B
ENCODER_PlatformReadRawCount@rawCount                 cstackCOMRAM 00000D
ENCODER_ReadAB@a                                      cstackCOMRAM 00000B
ENCODER_ReadAB@b                                      cstackCOMRAM 00000C
ENCODER_ReadHardwareRawCount@encoder                  cstackCOMRAM 00000F
ENCODER_ReadHardwareRawCount@rawCount                 cstackCOMRAM 000011
ENCODER_SetZero@encoder                               cstackCOMRAM 000046
ENCODER_SetZero@rawCount                              cstackCOMRAM 000048
ENCODER_Update@encoder                                cstackCOMRAM 000046
ENCODER_Update@rawCount                               cstackCOMRAM 000048
ENCODER_UpdateDerivedPosition@encoder                 cstackCOMRAM 000038
ENCODER_UpdateDerivedPosition@relativeCount           cstackCOMRAM 000042
IOCBF0_SetInterruptHandler@InterruptHandler           cstackCOMRAM 00000B
IOCBF1_SetInterruptHandler@InterruptHandler           cstackCOMRAM 00000B
IOCBF2_SetInterruptHandler@InterruptHandler           cstackCOMRAM 00000B
IVTBASEH                                              (abs)        003FD6
IVTBASEL                                              (abs)        003FD5
IVTBASEU                                              (abs)        003FD7
MOTOR_AdvanceStep@maxIndex                            cstackCOMRAM 000008
MOTOR_ApplyDirectionPin@direction                     cstackCOMRAM 00000B
MOTOR_ApplyEnablePin@enable                           cstackCOMRAM 00000F
MOTOR_ApplyFullStep@index                             cstackCOMRAM 000011
MOTOR_ApplyHalfStep@index                             cstackCOMRAM 000011
MOTOR_ApplyStepGenerator@enable                       cstackCOMRAM 00001A
MOTOR_ApplyStepGenerator@frequencyHz                  cstackCOMRAM 000018
MOTOR_ApplyStepGenerator@ticks                        cstackCOMRAM 00001B
MOTOR_ClampStepFrequencyHz@frequencyHz                cstackCOMRAM 00000B
MOTOR_Enable@motor                                    cstackCOMRAM 000010
MOTOR_Initialise@motor                                cstackCOMRAM 00001F
MOTOR_IsRunning@motor                                 cstackCOMRAM 00000B
MOTOR_SetDirection@direction                          cstackCOMRAM 00000E
MOTOR_SetDirection@motor                              cstackCOMRAM 00000C
MOTOR_SetStepFrequencyHz@clampedFrequencyHz           cstackCOMRAM 000025
MOTOR_SetStepFrequencyHz@frequencyHz                  cstackCOMRAM 000021
MOTOR_SetStepFrequencyHz@motor                        cstackCOMRAM 00001F
MOTOR_Start@motor                                     cstackCOMRAM 00001F
MOTOR_Stop@motor                                      cstackCOMRAM 00001F
MOTOR_UpdateState@motor                               cstackCOMRAM 00000B
PWM5_LoadDutyValue@dutyValue                          cstackCOMRAM 00000B
PWM6_LoadDutyValue@dutyValue                          cstackCOMRAM 00000B
SLAVE_APP_SendResponse@axisResult                     cstackCOMRAM 000037
SLAVE_APP_SendResponse@canResult                      cstackBANK0  0000A5
SLAVE_APP_SendResponse@commandEcho                    cstackBANK0  0000A4
SLAVE_APP_SendResponse@response                       cstackBANK0  0000A6
SLAVE_APP_SendResponse@sequenceEcho                   cstackCOMRAM 000036
SLAVE_APP_SendResponse@status                         cstackBANK0  0000AC
SLAVE_APP_Task@axisResult                             cstackBANK0  0000C4
SLAVE_APP_Task@canResult                              cstackBANK0  0000C2
SLAVE_APP_Task@command                                cstackBANK0  0000C5
SLAVE_APP_Task@received                               cstackBANK0  0000C3
SLAVE_NODE_ExecuteCommand@command                     cstackCOMRAM 000036
SLAVE_NODE_ExecuteCommand@node                        cstackCOMRAM 000034
SLAVE_NODE_ExecuteCommand@value                       cstackCOMRAM 000037
SLAVE_NODE_GetStatus@node                             cstackCOMRAM 00000F
SLAVE_NODE_GetStatus@status                           cstackCOMRAM 000011
SLAVE_NODE_Initialise@axis                            cstackCOMRAM 00000D
SLAVE_NODE_Initialise@node                            cstackCOMRAM 00000B
TMR0_SetInterruptHandler@InterruptHandler             cstackCOMRAM 00000B
TMR2_ISR@CountCallBack                                bssBANK0     000088
TMR2_SetInterruptHandler@InterruptHandler             cstackCOMRAM 00000B
UART1_SetErrorHandler@interruptHandler                cstackCOMRAM 00000B
UART1_SetFramingErrorHandler@interruptHandler         cstackCOMRAM 00000B
UART1_SetOverrunErrorHandler@interruptHandler         cstackCOMRAM 00000B
UART1_SetTxInterruptHandler@InterruptHandler          cstackCOMRAM 00000B
_ANSELA                                               (abs)        003A40
_ANSELB                                               (abs)        003A50
_ANSELC                                               (abs)        003A60
_APP_CONFIG_CalculateChecksum                         text131      00670A
_APP_CONFIG_IsDataValid                               text129      0038D0
_APP_CONFIG_Load                                      text126      0046D4
_APP_CONFIG_ReadBytes                                 text127      006A12
_APP_CONFIG_Save                                      text123      004A9A
_APP_CONFIG_WriteBytes                                text124      00696C
_AXIS_AbsFloat                                        text84       006C26
_AXIS_CommandMotor                                    text77       0051F2
_AXIS_EmergencyStop                                   text28       006BDE
_AXIS_GetCurrentPositionMm                            text41       006AFC
_AXIS_GetDirectionForNegativeMove                     text87       0072A2
_AXIS_GetDirectionForPositiveMove                     text86       00727C
_AXIS_GetFaultCode                                    text40       007204
_AXIS_GetHomingDetectionCount                         text39       0071DC
_AXIS_GetHomingSeekTravelMm                           text68       005FCE
_AXIS_GetHomingStep                                   text38       0071B4
_AXIS_GetOppositeDirection                            text76       0073DA
_AXIS_GetPositionDeltaMm                              text37       006AB0
_AXIS_GetState                                        text36       00718C
_AXIS_GetTargetPositionMm                             text35       006A64
_AXIS_HandleHoming                                    text58       002134
_AXIS_HandleHomingFinalBackoff                        text71       0043EA
_AXIS_HandleHomingFinish                              text69       00591A
_AXIS_HandleHomingReapproachReference                 text63       00332C
_AXIS_HandleHomingReleaseFromReference                text62       002E82
_AXIS_HandleHomingSeekReference                       text61       00353E
_AXIS_HandleHomingZeroEncoder                         text60       00481C
_AXIS_HasFault                                        text34       006E84
_AXIS_Home                                            text27       002C22
_AXIS_HomingWaitDone                                  text59       006910
_AXIS_Initialise                                      text100      0030E0
_AXIS_IsBusy                                          text33       006278
_AXIS_IsBusy$3148                                     cstackCOMRAM 00000E
_AXIS_IsEmergencyActive                               text32       007164
_AXIS_IsEncoderMotionStopped                          text65       004270
_AXIS_IsHomed                                         text31       00713C
_AXIS_IsWithinTravelRange                             text26       005BFC
_AXIS_LoadDefaultConfig                               text122      003714
_AXIS_MoveDeltaMm                                     text24       0061FA
_AXIS_MoveDeltaMm$6613                                cstackCOMRAM 000030
_AXIS_MoveToMm                                        text25       0040F4
_AXIS_ResetFault                                      text23       003C3E
_AXIS_SetFault                                        text64       006CB6
_AXIS_Stop                                            text22       005B4A
_AXIS_StopMotor                                       text74       0069C0
_AXIS_Task                                            text54       0014D4
_AXIS_UpdateFeedback                                  text55       004564
_BRGCON1                                              (abs)        003703
_BRGCON2                                              (abs)        003704
_BRGCON3                                              (abs)        003705
_CANCON                                               (abs)        003F8F
_CANRXPPS                                             (abs)        003AED
_CANSTAT                                              (abs)        003F8E
_CAN_PROTOCOL_BuildFlags                              text48       005F36
_CAN_PROTOCOL_BuildResponse                           text47       006460
_CAN_PROTOCOL_BytesToFloat                            text53       007310
_CAN_PROTOCOL_SendResponse                            text44       0059D8
_CAN_PROTOCOL_TryReadCommand                          text49       004CFA
_CAN_receive                                          text50       002438
_CAN_transmit                                         text45       001DD4
_CCPTMRS1bits                                         (abs)        003F5F
_CIOCON                                               (abs)        003700
_COMSTATbits                                          (abs)        003F90
_DATAEE_ReadByte                                      text128      0073BC
_DATAEE_WriteByte                                     text125      006B94
_ECANCON                                              (abs)        003F91
_ECAN_Initialize                                      text18       0053A4
_ENCODER_ConvertRawCountToPositionMm                  text94       005DF8
_ENCODER_GetPositionMm                                text70       0062F6
_ENCODER_GetRawCount                                  text67       006B48
_ENCODER_ISR_Update                                   text159      006174
_ENCODER_Initialise                                   text119      005E9A
_ENCODER_IsScaleValid                                 text97       0068AC
_ENCODER_IsValid                                      text57       00722C
_ENCODER_PlatformReadRawCount                         text99       006D42
_ENCODER_ReadAB                                       text121      007476
_ENCODER_ReadHardwareRawCount                         text98       006DC8
_ENCODER_ResetHardwareCount                           text120      007378
_ENCODER_SetZero                                      text92       00553C
_ENCODER_Update                                       text56       004BD2
_ENCODER_UpdateDerivedPosition                        text93       0052D0
_INLVLA                                               (abs)        003A44
_INLVLB                                               (abs)        003A54
_INLVLC                                               (abs)        003A64
_INLVLE                                               (abs)        003A84
_INTCON0bits                                          (abs)        003FD2
_INTERRUPT_Initialize                                 text17       007594
_INTERRUPT_InterruptManagerHigh                       text132      005A92
_IOCBF0_DefaultInterruptHandler                       text160      00761A
_IOCBF0_ISR                                           text158      00702A
_IOCBF0_InterruptHandler                              nvBANK0      0000E5
_IOCBF0_SetInterruptHandler                           text91       0075F2
_IOCBF1_DefaultInterruptHandler                       text157      007618
_IOCBF1_ISR                                           text156      006FF8
_IOCBF1_InterruptHandler                              nvBANK0      0000E3
_IOCBF1_SetInterruptHandler                           text15       0075DE
_IOCBF2_DefaultInterruptHandler                       text155      007616
_IOCBF2_ISR                                           text154      006FC6
_IOCBF2_InterruptHandler                              nvBANK0      0000E1
_IOCBF2_SetInterruptHandler                           text14       0075D4
_IOCBFbits                                            (abs)        003A57
_IOCBNbits                                            (abs)        003A56
_IOCBPbits                                            (abs)        003A55
_IPR0bits                                             (abs)        003980
_IPR3bits                                             (abs)        003983
_IPR4bits                                             (abs)        003984
_LATA                                                 (abs)        003FBA
_LATAbits                                             (abs)        003FBA
_LATB                                                 (abs)        003FBB
_LATC                                                 (abs)        003FBC
_MOTOR_AdvanceStep                                    text138      006844
_MOTOR_AllOutputsOff                                  text115      007356
_MOTOR_ApplyCurrentStep                               text105      007334
_MOTOR_ApplyDirectionPin                              text118      007606
_MOTOR_ApplyEnablePin                                 text114      0073F6
_MOTOR_ApplyFullStep                                  text109      0064D4
_MOTOR_ApplyHalfStep                                  text106      005792
_MOTOR_ApplyStepGenerator                             text103      0056CE
_MOTOR_ClampStepFrequencyHz                           text80       0067DC
_MOTOR_Enable                                         text83       00669C
_MOTOR_Initialise                                     text101      005608
_MOTOR_IsRunning                                      text82       007254
_MOTOR_PhaseAForward                                  text113      007544
_MOTOR_PhaseAOff                                      text108      0074DE
_MOTOR_PhaseAReverse                                  text112      007534
_MOTOR_PhaseBForward                                  text111      007524
_MOTOR_PhaseBOff                                      text107      0074CC
_MOTOR_PhaseBReverse                                  text110      007514
_MOTOR_SetDirection                                   text81       0065BC
_MOTOR_SetStepFrequencyHz                             text79       00501C
_MOTOR_Start                                          text78       005470
_MOTOR_Stop                                           text75       006774
_MOTOR_TimerISR                                       text136      006E08
_MOTOR_UpdateState                                    text102      006066
_NVMADRH                                              (abs)        0039E1
_NVMADRL                                              (abs)        0039E0
_NVMCON1bits                                          (abs)        0039E5
_NVMCON2                                              (abs)        0039E6
_NVMDAT                                               (abs)        0039E3
_ODCONA                                               (abs)        003A42
_ODCONB                                               (abs)        003A52
_ODCONC                                               (abs)        003A62
_OSCCON1                                              (abs)        0039D9
_OSCCON3                                              (abs)        0039DB
_OSCEN                                                (abs)        0039DD
_OSCFRQ                                               (abs)        0039DF
_OSCILLATOR_Initialize                                text16       00745E
_OSCTUNE                                              (abs)        0039DE
_PIE0bits                                             (abs)        003990
_PIE3bits                                             (abs)        003993
_PIE4bits                                             (abs)        003994
_PIN_MANAGER_IOC                                      text153      006E46
_PIN_MANAGER_Initialize                               text13       005CAC
_PIR0bits                                             (abs)        0039A0
_PIR3bits                                             (abs)        0039A3
_PIR4bits                                             (abs)        0039A4
_PMD0                                                 (abs)        0039C0
_PMD1                                                 (abs)        0039C1
_PMD2                                                 (abs)        0039C2
_PMD3                                                 (abs)        0039C3
_PMD4                                                 (abs)        0039C4
_PMD5                                                 (abs)        0039C5
_PMD6                                                 (abs)        0039C6
_PMD7                                                 (abs)        0039C7
_PMD_Initialize                                       text12       0072EC
_PORTBbits                                            (abs)        003FCB
_PR2                                                  (abs)        003FAB
_PWM5CON                                              (abs)        003F6E
_PWM5DCH                                              (abs)        003F6D
_PWM5DCL                                              (abs)        003F6C
_PWM5_Initialize                                      text11       00742C
_PWM5_LoadDutyValue                                   text117      006F2A
_PWM6CON                                              (abs)        003F6A
_PWM6DCH                                              (abs)        003F69
_PWM6DCL                                              (abs)        003F68
_PWM6_Initialize                                      text10       007412
_PWM6_LoadDutyValue                                   text116      006EF6
_RC0PPS                                               (abs)        003A10
_RC1PPS                                               (abs)        003A11
_RC3PPS                                               (abs)        003A13
_RC7PPS                                               (abs)        003A17
_RXB0CONbits                                          (abs)        003F80
_RXB0D0                                               (abs)        003F86
_RXB0D1                                               (abs)        003F87
_RXB0D2                                               (abs)        003F88
_RXB0D3                                               (abs)        003F89
_RXB0D4                                               (abs)        003F8A
_RXB0D5                                               (abs)        003F8B
_RXB0D6                                               (abs)        003F8C
_RXB0D7                                               (abs)        003F8D
_RXB0DLC                                              (abs)        003F85
_RXB0EIDH                                             (abs)        003F83
_RXB0EIDL                                             (abs)        003F84
_RXB0SIDH                                             (abs)        003F81
_RXB0SIDL                                             (abs)        003F82
_RXB1CONbits                                          (abs)        0037F0
_RXB1D0                                               (abs)        0037F6
_RXB1D1                                               (abs)        0037F7
_RXB1D2                                               (abs)        0037F8
_RXB1D3                                               (abs)        0037F9
_RXB1D4                                               (abs)        0037FA
_RXB1D5                                               (abs)        0037FB
_RXB1D6                                               (abs)        0037FC
_RXB1D7                                               (abs)        0037FD
_RXB1DLC                                              (abs)        0037F5
_RXB1EIDH                                             (abs)        0037F3
_RXB1EIDL                                             (abs)        0037F4
_RXB1SIDH                                             (abs)        0037F1
_RXB1SIDL                                             (abs)        0037F2
_RXF0EIDH                                             (abs)        0037A2
_RXF0EIDL                                             (abs)        0037A3
_RXF0SIDH                                             (abs)        0037A0
_RXF0SIDL                                             (abs)        0037A1
_RXF1EIDH                                             (abs)        0037A6
_RXF1EIDL                                             (abs)        0037A7
_RXF1SIDH                                             (abs)        0037A4
_RXF1SIDL                                             (abs)        0037A5
_RXF2EIDH                                             (abs)        0037AA
_RXF2EIDL                                             (abs)        0037AB
_RXF2SIDH                                             (abs)        0037A8
_RXF2SIDL                                             (abs)        0037A9
_RXF3EIDH                                             (abs)        0037AE
_RXF3EIDL                                             (abs)        0037AF
_RXF3SIDH                                             (abs)        0037AC
_RXF3SIDL                                             (abs)        0037AD
_RXF4EIDH                                             (abs)        0037B2
_RXF4EIDL                                             (abs)        0037B3
_RXF4SIDH                                             (abs)        0037B0
_RXF4SIDL                                             (abs)        0037B1
_RXF5EIDH                                             (abs)        0037B6
_RXF5EIDL                                             (abs)        0037B7
_RXF5SIDH                                             (abs)        0037B4
_RXF5SIDL                                             (abs)        0037B5
_RXM0EIDH                                             (abs)        0037BA
_RXM0EIDL                                             (abs)        0037BB
_RXM0SIDH                                             (abs)        0037B8
_RXM0SIDL                                             (abs)        0037B9
_RXM1EIDH                                             (abs)        0037BE
_RXM1EIDL                                             (abs)        0037BF
_RXM1SIDH                                             (abs)        0037BC
_RXM1SIDL                                             (abs)        0037BD
_SLAVE_APP_Initialise                                 text88       005112
_SLAVE_APP_PulseErrLed                                text43       0074A4
_SLAVE_APP_PulseOkLed                                 text42       00748E
_SLAVE_APP_SendResponse                               text29       0063EA
_SLAVE_APP_Task                                       text19       0026F0
_SLAVE_NODE_ExecuteCommand                            text21       003F76
_SLAVE_NODE_GetStatus                                 text30       0029A0
_SLAVE_NODE_Initialise                                text90       006D86
_SLRCONA                                              (abs)        003A43
_SLRCONB                                              (abs)        003A53
_SLRCONC                                              (abs)        003A63
_SYSTEM_Initialize                                    text1        0070E8
_T0CON0                                               (abs)        003FB8
_T0CON0bits                                           (abs)        003FB8
_T0CON1                                               (abs)        003FB9
_T2CLKCON                                             (abs)        003FAE
_T2CON                                                (abs)        003FAC
_T2CONbits                                            (abs)        003FAC
_T2HLT                                                (abs)        003FAD
_T2HLTbits                                            (abs)        003FAD
_T2PR                                                 (abs)        003FAB
_T2RST                                                (abs)        003FAF
_T2RSTbits                                            (abs)        003FAF
_T2TMR                                                (abs)        003FAA
_TABLAT                                               (abs)        003FF5
_TBLPTRH                                              (abs)        003FF7
_TBLPTRL                                              (abs)        003FF6
_TBLPTRU                                              (abs)        003FF8
_TMR0H                                                (abs)        003FB7
_TMR0L                                                (abs)        003FB6
_TMR0_CallBack                                        text151      0070BA
_TMR0_DefaultInterruptHandler                         text152      007614
_TMR0_ISR                                             text150      0075FC
_TMR0_Initialize                                      text8        0072C8
_TMR0_InterruptHandler                                nvBANK0      0000E7
_TMR0_SetInterruptHandler                             text9        0075CA
_TMR2                                                 (abs)        003FAA
_TMR2_CallBack                                        text135      00708C
_TMR2_DefaultInterruptHandler                         text137      007612
_TMR2_ISR                                             text134      00705C
_TMR2_Initialize                                      text7        007112
_TMR2_InterruptHandler                                nvBANK0      0000D7
_TMR2_SetInterruptHandler                             text89       0075E8
_TRISA                                                (abs)        003FC2
_TRISB                                                (abs)        003FC3
_TRISC                                                (abs)        003FC4
_TXB0CONbits                                          (abs)        0037E0
_TXB0D0                                               (abs)        0037E6
_TXB0D1                                               (abs)        0037E7
_TXB0D2                                               (abs)        0037E8
_TXB0D3                                               (abs)        0037E9
_TXB0D4                                               (abs)        0037EA
_TXB0D5                                               (abs)        0037EB
_TXB0D6                                               (abs)        0037EC
_TXB0D7                                               (abs)        0037ED
_TXB0DLC                                              (abs)        0037E5
_TXB0EIDH                                             (abs)        0037E3
_TXB0EIDL                                             (abs)        0037E4
_TXB0SIDH                                             (abs)        0037E1
_TXB0SIDL                                             (abs)        0037E2
_TXB1CONbits                                          (abs)        0037D0
_TXB1D0                                               (abs)        0037D6
_TXB1D1                                               (abs)        0037D7
_TXB1D2                                               (abs)        0037D8
_TXB1D3                                               (abs)        0037D9
_TXB1D4                                               (abs)        0037DA
_TXB1D5                                               (abs)        0037DB
_TXB1D6                                               (abs)        0037DC
_TXB1D7                                               (abs)        0037DD
_TXB1DLC                                              (abs)        0037D5
_TXB1EIDH                                             (abs)        0037D3
_TXB1EIDL                                             (abs)        0037D4
_TXB1SIDH                                             (abs)        0037D1
_TXB1SIDL                                             (abs)        0037D2
_TXB2CONbits                                          (abs)        0037C0
_TXB2D0                                               (abs)        0037C6
_TXB2D1                                               (abs)        0037C7
_TXB2D2                                               (abs)        0037C8
_TXB2D3                                               (abs)        0037C9
_TXB2D4                                               (abs)        0037CA
_TXB2D5                                               (abs)        0037CB
_TXB2D6                                               (abs)        0037CC
_TXB2D7                                               (abs)        0037CD
_TXB2DLC                                              (abs)        0037C5
_TXB2EIDH                                             (abs)        0037C3
_TXB2EIDL                                             (abs)        0037C4
_TXB2SIDH                                             (abs)        0037C1
_TXB2SIDL                                             (abs)        0037C2
_U1BRGH                                               (abs)        003DF6
_U1BRGL                                               (abs)        003DF5
_U1CON0                                               (abs)        003DF2
_U1CON1                                               (abs)        003DF3
_U1CON2                                               (abs)        003DF4
_U1ERRIE                                              (abs)        003DFA
_U1ERRIR                                              (abs)        003DF9
_U1ERRIRbits                                          (abs)        003DF9
_U1FIFO                                               (abs)        003DF7
_U1P1H                                                (abs)        003DED
_U1P1L                                                (abs)        003DEC
_U1P2H                                                (abs)        003DEF
_U1P2L                                                (abs)        003DEE
_U1P3H                                                (abs)        003DF1
_U1P3L                                                (abs)        003DF0
_U1RXB                                                (abs)        003DE8
_U1RXPPS                                              (abs)        003AE7
_U1TXB                                                (abs)        003DEA
_U1UIR                                                (abs)        003DF8
_UART1_DefaultErrorHandler                            (abs)        000000
_UART1_DefaultFramingErrorHandler                     (abs)        000000
_UART1_DefaultOverrunErrorHandler                     (abs)        000000
_UART1_ErrorHandler                                   nvBANK0      0000D9
_UART1_FramingErrorHandler                            nvBANK0      0000DD
_UART1_Initialize                                     text2        0060EE
_UART1_OverrunErrorHandler                            nvBANK0      0000DB
_UART1_SetErrorHandler                                text6        0075C0
_UART1_SetFramingErrorHandler                         text5        0075B6
_UART1_SetOverrunErrorHandler                         text4        0075AC
_UART1_SetTxInterruptHandler                          text3        0075A2
_UART1_Transmit_ISR                                   text133      006C6E
_UART1_TxInterruptHandler                             nvBANK0      0000DF
_UART_Write                                           bssBANK0     000086
_WPUA                                                 (abs)        003A41
_WPUB                                                 (abs)        003A51
_WPUC                                                 (abs)        003A61
_WPUE                                                 (abs)        003A81
__HRAM                                                (abs)        000000
__Habs1                                               abs1         000000
__Hbank0                                              bank0        000000
__Hbank1                                              bank1        000000
__Hbank10                                             bank10       000000
[...]
__ptext60                                             text60       00481C
__ptext61                                             text61       00353E
__ptext62                                             text62       002E82
__ptext63                                             text63       00332C
__ptext64                                             text64       006CB6
__ptext65                                             text65       004270
__ptext66                                             text66       0074BA
__ptext67                                             text67       006B48
__ptext68                                             text68       005FCE
__ptext69                                             text69       00591A
__ptext7                                              text7        007112
__ptext70                                             text70       0062F6
__ptext71                                             text71       0043EA
__ptext72                                             text72       006CFC
__ptext73                                             text73       001014
__ptext74                                             text74       0069C0
__ptext75                                             text75       006774
__ptext76                                             text76       0073DA
__ptext77                                             text77       0051F2
__ptext78                                             text78       005470
__ptext79                                             text79       00501C
__ptext8                                              text8        0072C8
__ptext80                                             text80       0067DC
__ptext81                                             text81       0065BC
__ptext82                                             text82       007254
__ptext83                                             text83       00669C
__ptext84                                             text84       006C26
__ptext85                                             text85       006EBE
__ptext86                                             text86       00727C
__ptext87                                             text87       0072A2
__ptext88                                             text88       005112
__ptext89                                             text89       0075E8
__ptext9                                              text9        0075CA
__ptext90                                             text90       006D86
__ptext91                                             text91       0075F2
__ptext92                                             text92       00553C
__ptext93                                             text93       0052D0
__ptext94                                             text94       005DF8
__ptext95                                             text95       003A8A
__ptext96                                             text96       001986
__ptext97                                             text97       0068AC
__ptext98                                             text98       006DC8
__ptext99                                             text99       006D42
__ramtop                                              ramtop       001000
__smallconst                                          smallconst   001000
_activeTimersCount                                    dataCOMRAM   000055
_axis                                                 bssBANK1     000140
_convertCANid2Reg                                     text46       003DDE
_convertReg2ExtendedCANid                             text52       004960
_convertReg2StandardCANid                             text51       006372
_encoder                                              bssBANK0     00008A
_g_encoderPrevAB                                      bssCOMRAM    000050
_g_encoderPrevABValid                                 bssCOMRAM    00004F
_g_encoderRawCount                                    bssBANK0     00007C
_g_motorDirection                                     bssCOMRAM    00004C
_g_motorStepEnabled                                   bssCOMRAM    00004E
_g_motorStepIndex                                     bssCOMRAM    00004D
_g_motorStepMode                                      dataCOMRAM   000054
_g_motorTickCounter                                   bssBANK0     000084
_g_motorTicksPerStep                                  dataBANK0    0000EA
_main                                                 text0        007446
_millis                                               text66       0074BA
_milliseconds                                         bssBANK0     000060
_millisecondsVar                                      bssBANK0     000080
_motor                                                bssBANK0     00009C
_slaveNode                                            bssBANK0     0000A2
_uart1RxLastError                                     bssCOMRAM    000051
_uart1TxBuffer                                        bssBANK1     000100
_uart1TxBufferRemaining                               nvBANK0      0000E9
_uart1TxHead                                          bssCOMRAM    000053
_uart1TxTail                                          bssCOMRAM    000052
convertCANid2Reg@canIdType                            cstackCOMRAM 00000F
convertCANid2Reg@passedInEIDH                         cstackCOMRAM 000010
convertCANid2Reg@passedInEIDL                         cstackCOMRAM 000012
convertCANid2Reg@passedInSIDH                         cstackCOMRAM 000014
convertCANid2Reg@passedInSIDL                         cstackCOMRAM 000016
convertCANid2Reg@tempPassedInID                       cstackCOMRAM 00000B
convertCANid2Reg@wipSIDL                              cstackCOMRAM 00001C
convertReg2ExtendedCANid@CAN_standardLo_ID_hi3bits    cstackCOMRAM 000019
convertReg2ExtendedCANid@CAN_standardLo_ID_lo2bits    cstackCOMRAM 000018
convertReg2ExtendedCANid@ConvertedID                  cstackCOMRAM 00001A
convertReg2ExtendedCANid@returnValue                  cstackCOMRAM 000014
convertReg2ExtendedCANid@tempRXBn_EIDH                cstackCOMRAM 000013
convertReg2ExtendedCANid@tempRXBn_EIDL                cstackCOMRAM 00000B
convertReg2ExtendedCANid@tempRXBn_SIDH                cstackCOMRAM 00000C
convertReg2ExtendedCANid@tempRXBn_SIDL                cstackCOMRAM 00000D
convertReg2StandardCANid@ConvertedID                  cstackCOMRAM 000016
convertReg2StandardCANid@returnValue                  cstackCOMRAM 000012
convertReg2StandardCANid@tempRXBn_SIDH                cstackCOMRAM 000011
convertReg2StandardCANid@tempRXBn_SIDL                cstackCOMRAM 00000B
end_of_initialization                                 cinit        006696
i2MOTOR_ApplyFullStep@index                           cstackCOMRAM 000007
i2MOTOR_ApplyHalfStep@index                           cstackCOMRAM 000007
i2PWM5_LoadDutyValue@dutyValue                        cstackCOMRAM 000001
i2PWM6_LoadDutyValue@dutyValue                        cstackCOMRAM 000001
i2_MOTOR_ApplyCurrentStep                             text139      00739A
i2_MOTOR_ApplyFullStep                                text143      006548
i2_MOTOR_ApplyHalfStep                                text140      005856
i2_MOTOR_PhaseAForward                                text148      007584
i2_MOTOR_PhaseAOff                                    text142      007502
i2_MOTOR_PhaseAReverse                                text147      007574
i2_MOTOR_PhaseBForward                                text145      007564
i2_MOTOR_PhaseBOff                                    text141      0074F0
i2_MOTOR_PhaseBReverse                                text144      007554
i2_PWM5_LoadDutyValue                                 text149      006F92
i2_PWM6_LoadDutyValue                                 text146      006F5E
intlevel0                                             text         000000
intlevel1                                             text         000000
intlevel2                                             text         000000
intlevel3                                             text         000000
isa$std                                               (abs)        000001
isa$xinst                                             (abs)        000000
ivt0x8_base                                           ivt0x8       000008
stackhi                                               (abs)        000000
stacklo                                               (abs)        000000
start                                                 init         00001A
start_initialization                                  cinit        00662E


MODULE INFORMATION

Module		Function		Class		Link	Load	Size
app_config.c
		_APP_CONFIG_Save		CODE           	4A9A	0000	312
		_APP_CONFIG_WriteBytes		CODE           	696C	0000	84
		_APP_CONFIG_ReadBytes		CODE           	6A12	0000	82
		_APP_CONFIG_IsDataValid		CODE           	38D0	0000	442
		_APP_CONFIG_CalculateChecksum		CODE           	670A	0000	106
		_APP_CONFIG_Load		CODE           	46D4	0000	328

app_config.c estimated size: 1354

slave_node.c
		_SLAVE_NODE_Initialise		CODE           	6D86	0000	66
		_SLAVE_NODE_GetStatus		CODE           	29A0	0000	642
		_SLAVE_NODE_ExecuteCommand		CODE           	3F76	0000	382

slave_node.c estimated size: 1090

millisecond_timers.c
		_millis        		CODE           	74BA	0000	18

millisecond_timers.c estimated size: 18

mcc_generated_files/pwm6.c
		_PWM6_LoadDutyValue		CODE           	6EF6	0000	52
		_PWM6_Initialize		CODE           	7412	0000	26

mcc_generated_files/pwm6.c estimated size: 78

C:\Program Files\Microchip\xc8\v2.36\pic\sources\c99\common\sprcmul.c
		___flmul       		CODE           	1986	0000	1102

C:\Program Files\Microchip\xc8\v2.36\pic\sources\c99\common\sprcmul.c estimated size: 1102

app_slave.c
		_SLAVE_APP_Initialise		CODE           	5112	0000	224
		_SLAVE_APP_Task		CODE           	26F0	0000	688
		_SLAVE_APP_SendResponse		CODE           	63EA	0000	118
		_SLAVE_APP_PulseOkLed		CODE           	748E	0000	22
		_SLAVE_APP_PulseErrLed		CODE           	74A4	0000	22

app_slave.c estimated size: 1074

mcc_generated_files/tmr2.c
		_TMR2_ISR      		CODE           	705C	0000	48
		_TMR2_Initialize		CODE           	7112	0000	42
		_TMR2_SetInterruptHandler		CODE           	75E8	0000	10
		_TMR2_DefaultInterruptHandler		CODE           	7612	0000	2
		_TMR2_CallBack 		CODE           	708C	0000	46

mcc_generated_files/tmr2.c estimated size: 148

mcc_generated_files/interrupt_manager.c
		_INTERRUPT_Initialize		CODE           	7594	0000	14
		_INTERRUPT_InterruptManagerHigh		CODE           	5A92	0000	184

mcc_generated_files/interrupt_manager.c estimated size: 198

mcc_generated_files/tmr0.c
		_TMR0_SetInterruptHandler		CODE           	75CA	0000	10
		_TMR0_DefaultInterruptHandler		CODE           	7614	0000	2
		_TMR0_CallBack 		CODE           	70BA	0000	46
		_TMR0_ISR      		CODE           	75FC	0000	10
		_TMR0_Initialize		CODE           	72C8	0000	36

mcc_generated_files/tmr0.c estimated size: 104

mcc_generated_files/pin_manager.c
		_IOCBF0_ISR    		CODE           	702A	0000	50
		_PIN_MANAGER_Initialize		CODE           	5CAC	0000	168
		_IOCBF2_SetInterruptHandler		CODE           	75D4	0000	10
		_IOCBF1_DefaultInterruptHandler		CODE           	7618	0000	2
		_IOCBF1_ISR    		CODE           	6FF8	0000	50
		_IOCBF0_SetInterruptHandler		CODE           	75F2	0000	10
		_IOCBF2_DefaultInterruptHandler		CODE           	7616	0000	2
		_PIN_MANAGER_IOC		CODE           	6E46	0000	62
		_IOCBF2_ISR    		CODE           	6FC6	0000	50
		_IOCBF1_SetInterruptHandler		CODE           	75DE	0000	10
		_IOCBF0_DefaultInterruptHandler		CODE           	761A	0000	2

mcc_generated_files/pin_manager.c estimated size: 416

C:\Program Files\Microchip\xc8\v2.36\pic\sources\c99\common\xxtofl.c
		___xxtofl      		CODE           	3A8A	0000	436

C:\Program Files\Microchip\xc8\v2.36\pic\sources\c99\common\xxtofl.c estimated size: 436

C:\Program Files\Microchip\xc8\v2.36\pic\sources\c99\common\__lldiv.c
		___lldiv       		CODE           	5D54	0000	164

C:\Program Files\Microchip\xc8\v2.36\pic\sources\c99\common\__lldiv.c estimated size: 164

motor.c
		_MOTOR_ApplyStepGenerator		CODE           	56CE	0000	196
		_MOTOR_Initialise		CODE           	5608	0000	198
		_MOTOR_AllOutputsOff		CODE           	7356	0000	34
		_MOTOR_Enable  		CODE           	669C	0000	110
		_MOTOR_PhaseAOff		CODE           	74DE	0000	18
		_MOTOR_PhaseBOff		CODE           	74CC	0000	18
		_MOTOR_ApplyEnablePin		CODE           	73F6	0000	28
		_MOTOR_ClampStepFrequencyHz		CODE           	67DC	0000	104
		_MOTOR_UpdateState		CODE           	6066	0000	136
		_MOTOR_IsRunning		CODE           	7254	0000	40
		_MOTOR_SetDirection		CODE           	65BC	0000	114
		_MOTOR_SetStepFrequencyHz		CODE           	501C	0000	246
		_MOTOR_ApplyHalfStep		CODE           	5792	0000	196
		_MOTOR_ApplyFullStep		CODE           	64D4	0000	116
		_MOTOR_ApplyCurrentStep		CODE           	7334	0000	34
		_MOTOR_TimerISR		CODE           	6E08	0000	62
		_MOTOR_AdvanceStep		CODE           	6844	0000	104
		_MOTOR_PhaseAForward		CODE           	7544	0000	16
		_MOTOR_PhaseBForward		CODE           	7524	0000	16
		_MOTOR_ApplyDirectionPin		CODE           	7606	0000	8
		_MOTOR_Stop    		CODE           	6774	0000	104
		_MOTOR_Start   		CODE           	5470	0000	204
		_MOTOR_PhaseAReverse		CODE           	7534	0000	16
		_MOTOR_PhaseBReverse		CODE           	7514	0000	16

motor.c estimated size: 2134

mcc_generated_files/ecan.c
		_CAN_receive   		CODE           	2438	0000	696
		_ECAN_Initialize		CODE           	53A4	0000	204
		_convertReg2ExtendedCANid		CODE           	4960	0000	314
		_CAN_transmit  		CODE           	1DD4	0000	864
		_convertReg2StandardCANid		CODE           	6372	0000	120
		_convertCANid2Reg		CODE           	3DDE	0000	408

mcc_generated_files/ecan.c estimated size: 2606

C:\Program Files\Microchip\xc8\v2.36\pic\sources\c99\common\sprcadd.c
		___flsub       		CODE           	6CFC	0000	70
		___fladd       		CODE           	1014	0000	1216

C:\Program Files\Microchip\xc8\v2.36\pic\sources\c99\common\sprcadd.c estimated size: 1286

axis.c
		_AXIS_HandleHoming		CODE           	2134	0000	772
		_AXIS_GetPositionDeltaMm		CODE           	6AB0	0000	76
		_AXIS_GetOppositeDirection		CODE           	73DA	0000	28
		_AXIS_LoadDefaultConfig		CODE           	3714	0000	444
		_AXIS_CommandMotor		CODE           	51F2	0000	222
		_AXIS_IsWithinTravelRange		CODE           	5BFC	0000	176
		_AXIS_MoveDeltaMm		CODE           	61FA	0000	126
		_AXIS_AbsFloat 		CODE           	6C26	0000	72
		_AXIS_HandleHomingSeekReference		CODE           	353E	0000	470
		_AXIS_HandleHomingReapproachReference		CODE           	332C	0000	530
		_AXIS_HomingWaitDone		CODE           	6910	0000	92
		_AXIS_MoveToMm 		CODE           	40F4	0000	380
		_AXIS_GetCurrentPositionMm		CODE           	6AFC	0000	76
		_AXIS_GetState 		CODE           	718C	0000	40
		_AXIS_GetFaultCode		CODE           	7204	0000	40
		_AXIS_HandleHomingReleaseFromReference		CODE           	2E82	0000	606
		_AXIS_UpdateFeedback		CODE           	4564	0000	368
		_AXIS_Home     		CODE           	2C22	0000	608
		_AXIS_SetFault 		CODE           	6CB6	0000	70
		_AXIS_IsBusy   		CODE           	6278	0000	126
		_AXIS_ResetFault		CODE           	3C3E	0000	416
		_AXIS_IsHomed  		CODE           	713C	0000	40
		_AXIS_IsEmergencyActive		CODE           	7164	0000	40
		_AXIS_Initialise		CODE           	30E0	0000	588
		_AXIS_Stop     		CODE           	5B4A	0000	178
		_AXIS_HandleHomingFinish		CODE           	591A	0000	190
		_AXIS_HandleHomingZeroEncoder		CODE           	481C	0000	324
		_AXIS_GetTargetPositionMm		CODE           	6A64	0000	76
		_AXIS_EmergencyStop		CODE           	6BDE	0000	72
		_AXIS_GetDirectionForNegativeMove		CODE           	72A2	0000	38
		_AXIS_GetHomingStep		CODE           	71B4	0000	40
		_AXIS_GetDirectionForPositiveMove		CODE           	727C	0000	38
		_AXIS_GetHomingSeekTravelMm		CODE           	5FCE	0000	152
		_AXIS_GetHomingDetectionCount		CODE           	71DC	0000	40
		_AXIS_HandleHomingFinalBackoff		CODE           	43EA	0000	378
		_AXIS_IsEncoderMotionStopped		CODE           	4270	0000	378
		_AXIS_Task     		CODE           	14D4	0000	1202
		_AXIS_HasFault 		CODE           	6E84	0000	58
		_AXIS_StopMotor		CODE           	69C0	0000	82

axis.c estimated size: 9652

mcc_generated_files/uart1.c
		_UART1_SetFramingErrorHandler		CODE           	75B6	0000	10
		_UART1_SetOverrunErrorHandler		CODE           	75AC	0000	10
		_UART1_SetTxInterruptHandler		CODE           	75A2	0000	10
		_UART1_Initialize		CODE           	60EE	0000	134
		_UART1_SetErrorHandler		CODE           	75C0	0000	10
		_UART1_Transmit_ISR		CODE           	6C6E	0000	72

mcc_generated_files/uart1.c estimated size: 246

C:\Program Files\Microchip\xc8\v2.36\pic\sources\c99\common\fltol.c
		___fltol       		CODE           	4E12	0000	262

C:\Program Files\Microchip\xc8\v2.36\pic\sources\c99\common\fltol.c estimated size: 262

shared
		i2_MOTOR_PhaseAReverse		CODE           	7574	0000	16
		i2_MOTOR_PhaseBReverse		CODE           	7554	0000	16
		__initialization		CODE           	662E	0000	104
		i2_PWM5_LoadDutyValue		CODE           	6F92	0000	52
		_charset       		SMALLCONST     	0000	0000	0
		i2_MOTOR_ApplyHalfStep		CODE           	5856	0000	196
		i2_MOTOR_ApplyCurrentStep		CODE           	739A	0000	34
		i2_MOTOR_PhaseAForward		CODE           	7584	0000	16
		i2_MOTOR_PhaseBForward		CODE           	7564	0000	16
		i2_MOTOR_ApplyFullStep		CODE           	6548	0000	116
		i2_MOTOR_PhaseAOff		CODE           	7502	0000	18
		i2_MOTOR_PhaseBOff		CODE           	74F0	0000	18
		i2_PWM6_LoadDutyValue		CODE           	6F5E	0000	52

shared estimated size: 654

mcc_generated_files/pwm5.c
		_PWM5_LoadDutyValue		CODE           	6F2A	0000	52
		_PWM5_Initialize		CODE           	742C	0000	26

mcc_generated_files/pwm5.c estimated size: 78

mcc_generated_files/mcc.c
		_PMD_Initialize		CODE           	72EC	0000	36
		_OSCILLATOR_Initialize		CODE           	745E	0000	24
		_SYSTEM_Initialize		CODE           	70E8	0000	42

mcc_generated_files/mcc.c estimated size: 102

C:\Program Files\Microchip\xc8\v2.36\pic\sources\c99\common\flge.c
		___flge        		CODE           	4F18	0000	260

C:\Program Files\Microchip\xc8\v2.36\pic\sources\c99\common\flge.c estimated size: 260

can_protocol.c
		_CAN_PROTOCOL_SendResponse		CODE           	59D8	0000	186
		_CAN_PROTOCOL_BuildResponse		CODE           	6460	0000	116
		_CAN_PROTOCOL_BytesToFloat		CODE           	7310	0000	36
		_CAN_PROTOCOL_TryReadCommand		CODE           	4CFA	0000	280
		_CAN_PROTOCOL_BuildFlags		CODE           	5F36	0000	152

can_protocol.c estimated size: 770

mcc_generated_files/memory.c
		_DATAEE_WriteByte		CODE           	6B94	0000	74
		_DATAEE_ReadByte		CODE           	73BC	0000	30

mcc_generated_files/memory.c estimated size: 104

encoder.c
		_ENCODER_ReadAB		CODE           	7476	0000	24
		_ENCODER_Update		CODE           	4BD2	0000	296
		_ENCODER_PlatformReadRawCount		CODE           	6D42	0000	68
		_ENCODER_ReadHardwareRawCount		CODE           	6DC8	0000	64
		_ENCODER_ISR_Update		CODE           	6174	0000	134
		_ENCODER_UpdateDerivedPosition		CODE           	52D0	0000	212
		_ENCODER_IsScaleValid		CODE           	68AC	0000	100
		_ENCODER_ResetHardwareCount		CODE           	7378	0000	34
		_ENCODER_Initialise		CODE           	5E9A	0000	156
		_ENCODER_ConvertRawCountToPositionMm		CODE           	5DF8	0000	162
		_ENCODER_IsValid		CODE           	722C	0000	40
		_ENCODER_SetZero		CODE           	553C	0000	204
		_ENCODER_GetRawCount		CODE           	6B48	0000	76
		_ENCODER_GetPositionMm		CODE           	62F6	0000	124

encoder.c estimated size: 1694

main.c
		_main          		CODE           	7446	0000	24

main.c estimated size: 24

C:\Program Files\Microchip\xc8\v2.36\pic\sources\c99\common\flneg.c
		___flneg       		CODE           	6EBE	0000	56

C:\Program Files\Microchip\xc8\v2.36\pic\sources\c99\common\flneg.c estimated size: 56

