Microchip MPLAB XC8 Compiler V2.36

Linker command line:

-W-3 --edf=C:\Program Files\Microchip\xc8\v2.36\pic\dat\en_msgs.txt \
  -pivt0x8=08h -cn -h+dist/default/production\masterstep.X.production.sym \
  --cmf=dist/default/production\masterstep.X.production.cmf -z -Q18F26K83 \
  -oC:\Users\acer\AppData\Local\Temp\xcAsafk.4 --defsym=__MPLAB_BUILD=1 \
  -Mdist/default/production/masterstep.X.production.map \
  --md=C:\Users\acer\AppData\Local\Temp\xcAsafk.dat -E1 -ver=XC8 Compiler \
  --acfsm=1493 -ACODE=00h-0FFFFh -ACONST=00h-0FFFFh \
  -ASMALLCONST=01000h-010FFhx240 -AMEDIUMCONST=01000h-0FFFFh \
  -ACOMRAM=01h-05Fh -AABS1=00h-0FFFh -ABIGRAM=01h-0FFFh \
  -ARAM=060h-0FFh,0100h-01FFhx15 -ABANK0=060h-0FFh -ABANK1=0100h-01FFh \
  -ABANK2=0200h-02FFh -ABANK3=0300h-03FFh -ABANK4=0400h-04FFh \
  -ABANK5=0500h-05FFh -ABANK6=0600h-06FFh -ABANK7=0700h-07FFh \
  -ABANK8=0800h-08FFh -ABANK9=0900h-09FFh -ABANK10=0A00h-0AFFh \
  -ABANK11=0B00h-0BFFh -ABANK12=0C00h-0CFFh -ABANK13=0D00h-0DFFh \
  -ABANK14=0E00h-0EFFh -ABANK15=0F00h-0FFFh \
  -ASFR=03700h-037FFhx8,03F00h-03F5Fh,03F60h-03FFFh -ABIGSFR=03700h-03FFFh \
  -ACONFIG=0300000h-0300009h -AIDLOC=0200000h-020000Fh \
  -AEEDATA=0310000h-03103FFh -peeprom_data=EEDATA -preset_vec=00h \
  -ppowerup=CODE,init -pramtop=01000h -psmallconst=SMALLCONST \
  -pmediumconst=MEDIUMCONST -pconst=CONST -AFARRAM=00h-00h \
  -prdata=COMRAM,nvrram=COMRAM,nvbit=COMRAM,rbss=COMRAM,rbit=COMRAM \
  -pfarbss=FARRAM,fardata=FARRAM,nvFARRAM=FARRAM \
  -pintsave_regs=BIGRAM,bigbss=BIGRAM,bigdata=BIGRAM -pbss=RAM \
  -pidata=CODE,irdata=CODE,ibigdata=CODE,ifardata=CODE -prparam=COMRAM \
  C:\Users\acer\AppData\Local\Temp\xcAsafk.o \
  dist/default/production\masterstep.X.production.o 

Object code version is 3.11

Machine type is 18F26K83



                Name                               Link     Load   Length Selector   Space Scale
C:\Users\acer\AppData\Local\Temp\xcAsafk.o
                idloc                            200000   200000       10        0       5
                config                           300000   300000        A        0       4
                init                                 1A       1A        4        4       0
                reset_vec                             0        0        4        0       0
dist/default/production\masterstep.X.production.o
                idloc                            200000   200000       10        0       5
                config                           300000   300000        A        0       4
                mediumconst                        FE4C     FE4C      1B4     7F26       0
                ivt0x8                                8        8       12        4       0
                text63                             1E32     1E32        2        4       0
                text62                             1B64     1B64       32        4       0
                text61                             1E30     1E30        2        4       0
                text60                             1B32     1B32       32        4       0
                text59                             1E2E     1E2E        2        4       0
                text58                             1B00     1B00       32        4       0
                text57                             1A1E     1A1E       3E        4       0
                text56                             1E2C     1E2C        2        4       0
                text55                             1BF4     1BF4       2E        4       0
                text54                             1E1C     1E1C        A        4       0
                text53                             1E2A     1E2A        2        4       0
                text52                             1BC6     1BC6       2E        4       0
                text51                             1B96     1B96       30        4       0
                text50                             19D6     19D6       48        4       0
                text49                             120C     120C       C2        4       0
                text48                             1920     1920       5C        4       0
                text47                             107C     107C       CC        4       0
                text46                             1DB4     1DB4        E        4       0
                text45                             1D9C     1D9C       18        4       0
                text44                             1E12     1E12        A        4       0
                text43                             1E08     1E08        A        4       0
                text42                             1DFE     1DFE        A        4       0
                text41                             158E     158E       A8        4       0
                text40                             1CF0     1CF0       24        4       0
                text39                             1D6A     1D6A       1A        4       0
                text38                             1D50     1D50       1A        4       0
                text37                             1DF4     1DF4        A        4       0
                text36                             1CCC     1CCC       24        4       0
                text35                             1DEA     1DEA        A        4       0
                text34                             1CA2     1CA2       2A        4       0
                text33                             1DE0     1DE0        A        4       0
                text32                             1DD6     1DD6        A        4       0
                text31                             1DCC     1DCC        A        4       0
                text30                             1DC2     1DC2        A        4       0
                text29                             16D4     16D4       86        4       0
                text28                             1C78     1C78       2A        4       0
                text27                             1ACE     1ACE       32        4       0
                text26                             1636     1636       9E        4       0
                text25                             1D84     1D84       18        4       0
                text24                             175A     175A       7A        4       0
                text23                             197C     197C       5A        4       0
                text22                              818      818      198        4       0
                text21                               1E       1E      360        4       0
                text20                             12CE     12CE       BA        4       0
                text19                              B14      B14      13A        4       0
                text18                             17D4     17D4       78        4       0
                text17                              37E      37E      2B8        4       0
                text16                              C4E      C4E      12A        4       0
                text15                             1C4E     1C4E       2A        4       0
                text14                             1148     1148       C4        4       0
                text13                             1388     1388       B0        4       0
                text12                              9B0      9B0      164        4       0
                text11                             1A98     1A98       36        4       0
                text10                             1C22     1C22       2C        4       0
                text9                               F8A      F8A       F2        4       0
                text8                              1438     1438       AC        4       0
                text7                               E94      E94       F6        4       0
                text6                              14E4     14E4       AA        4       0
                text5                              18B8     18B8       68        4       0
                text4                               636      636      1E2        4       0
                text3                              1D32     1D32       1E        4       0
                text2                              1D14     1D14       1E        4       0
                text1                              1A5C     1A5C       3C        4       0
                text0                               D78      D78      11C        4       0
                cstackCOMRAM                          1        1       56        1       1
                cstackBANK0                          B1       B1       12       60       1
                bssBANK1                            100      100       40      100       1
                dataBANK0                            C3       C3        2       60       1
                bssBANK0                             60       60       3E       60       1
                dataCOMRAM                           5C       5C        2        1       1
                bssCOMRAM                            57       57        5        1       1
                cinit                              184C     184C       6C        4       0
                nvBANK0                              9E       9E       13       60       1
                idataBANK0                         1E28     1E28        2        4       0
                idataCOMRAM                        1E26     1E26        2        4       0

TOTAL           Name                               Link     Load   Length     Space
        CLASS   CODE           
                init                                 1A       1A        4         0
                reset_vec                             0        0        4         0
                ivt0x8                                8        8       12         0
                text63                             1E32     1E32        2         0
                text62                             1B64     1B64       32         0
                text61                             1E30     1E30        2         0
                text60                             1B32     1B32       32         0
                text59                             1E2E     1E2E        2         0
                text58                             1B00     1B00       32         0
                text57                             1A1E     1A1E       3E         0
                text56                             1E2C     1E2C        2         0
                text55                             1BF4     1BF4       2E         0
                text54                             1E1C     1E1C        A         0
                text53                             1E2A     1E2A        2         0
                text52                             1BC6     1BC6       2E         0
                text51                             1B96     1B96       30         0
                text50                             19D6     19D6       48         0
                text49                             120C     120C       C2         0
                text48                             1920     1920       5C         0
                text47                             107C     107C       CC         0
                text46                             1DB4     1DB4        E         0
                text45                             1D9C     1D9C       18         0
                text44                             1E12     1E12        A         0
                text43                             1E08     1E08        A         0
                text42                             1DFE     1DFE        A         0
                text41                             158E     158E       A8         0
                text40                             1CF0     1CF0       24         0
                text39                             1D6A     1D6A       1A         0
                text38                             1D50     1D50       1A         0
                text37                             1DF4     1DF4        A         0
                text36                             1CCC     1CCC       24         0
                text35                             1DEA     1DEA        A         0
                text34                             1CA2     1CA2       2A         0
                text33                             1DE0     1DE0        A         0
                text32                             1DD6     1DD6        A         0
                text31                             1DCC     1DCC        A         0
                text30                             1DC2     1DC2        A         0
                text29                             16D4     16D4       86         0
                text28                             1C78     1C78       2A         0
                text27                             1ACE     1ACE       32         0
                text26                             1636     1636       9E         0
                text25                             1D84     1D84       18         0
                text24                             175A     175A       7A         0
                text23                             197C     197C       5A         0
                text22                              818      818      198         0
                text21                               1E       1E      360         0
                text20                             12CE     12CE       BA         0
                text19                              B14      B14      13A         0
                text18                             17D4     17D4       78         0
                text17                              37E      37E      2B8         0
                text16                              C4E      C4E      12A         0
                text15                             1C4E     1C4E       2A         0
                text14                             1148     1148       C4         0
                text13                             1388     1388       B0         0
                text12                              9B0      9B0      164         0
                text11                             1A98     1A98       36         0
                text10                             1C22     1C22       2C         0
                text9                               F8A      F8A       F2         0
                text8                              1438     1438       AC         0
                text7                               E94      E94       F6         0
                text6                              14E4     14E4       AA         0
                text5                              18B8     18B8       68         0
                text4                               636      636      1E2         0
                text3                              1D32     1D32       1E         0
                text2                              1D14     1D14       1E         0
                text1                              1A5C     1A5C       3C         0
                text0                               D78      D78      11C         0
                cinit                              184C     184C       6C         0
                idataBANK0                         1E28     1E28        2         0
                idataCOMRAM                        1E26     1E26        2         0

        CLASS   CONST          

        CLASS   SMALLCONST     

        CLASS   MEDIUMCONST    
                mediumconst                        FE4C     FE4C      1B4         0

        CLASS   COMRAM         
                cstackCOMRAM                          1        1       56         1
                dataCOMRAM                           5C       5C        2         1
                bssCOMRAM                            57       57        5         1

        CLASS   ABS1           

        CLASS   BIGRAM         

        CLASS   RAM            

        CLASS   BANK0          
                cstackBANK0                          B1       B1       12         1
                dataBANK0                            C3       C3        2         1
                bssBANK0                             60       60       3E         1
                nvBANK0                              9E       9E       13         1

        CLASS   BANK1          
                bssBANK1                            100      100       40         1

        CLASS   BANK2          

        CLASS   BANK3          

        CLASS   BANK4          

        CLASS   BANK5          

        CLASS   BANK6          

        CLASS   BANK7          

        CLASS   BANK8          

        CLASS   BANK9          

        CLASS   BANK10         

        CLASS   BANK11         

        CLASS   BANK12         

        CLASS   BANK13         

        CLASS   BANK14         

        CLASS   BANK15         

        CLASS   SFR            

        CLASS   BIGSFR         

        CLASS   CONFIG         
                config                           300000   300000        A         4

        CLASS   IDLOC          
                idloc                            200000   200000       10         5

        CLASS   EEDATA         

        CLASS   FARRAM         

        CLASS   HEAP           

        CLASS   STACK          



SEGMENTS        Name                           Load    Length   Top    Selector   Space  Class

                reset_vec                      000000  000004  000004         0       0  CODE    
                cstackCOMRAM                   000001  00005D  00005E         1       1  COMRAM  
                ivt0x8                         000008  001E2C  001E34         4       0  CODE    
                bssBANK0                       000060  000065  0000C5        60       1  BANK0   
                bssBANK1                       000100  000040  000140       100       1  BANK1   
                mediumconst                    00FE4C  0001B4  010000      7F26       0  MEDIUMCO


UNUSED ADDRESS RANGES

        Name                Unused          Largest block    Delta
        BANK0            0000C5-0000FF               3B
        BANK1            000140-0001FF               C0
        BANK10           000A00-000AFF              100
        BANK11           000B00-000BFF              100
        BANK12           000C00-000CFF              100
        BANK13           000D00-000DFF              100
        BANK14           000E00-000EFF              100
        BANK15           000F00-000FFF              100
        BANK2            000200-0002FF              100
        BANK3            000300-0003FF              100
        BANK4            000400-0004FF              100
        BANK5            000500-0005FF              100
        BANK6            000600-0006FF              100
        BANK7            000700-0007FF              100
        BANK8            000800-0008FF              100
        BANK9            000900-0009FF              100
        BIGRAM           00005E-00005F                2
                         0000C5-0000FF               3B
                         000140-000FFF              EC0
        BIGSFR           003700-003FFF              900
        CODE             000004-000007                4
                         001E34-00FE4B             E018
        COMRAM           00005E-00005F                2
        CONST            000004-000007                4
                         001E34-00FE4B             E018
        EEDATA           310000-3103FF              400
        MEDIUMCONST      001E34-00FE4B             E018
        RAM              0000C5-0000FF               3B
                         000140-000FFF              100
        SFR              003700-003FFF              100
        SMALLCONST       001E34-00FE4B              100

                                  Symbol Table

?___awdiv                                          cstackCOMRAM 000003
?___awmod                                          cstackCOMRAM 000003
?___wmul                                           cstackCOMRAM 000003
?_convertReg2ExtendedCANid                         cstackCOMRAM 000003
?_convertReg2StandardCANid                         cstackCOMRAM 000003
CAN_PROTOCOL_FloatToBytes@bytes                    cstackCOMRAM 000007
CAN_PROTOCOL_FloatToBytes@converter                cstackCOMRAM 000009
CAN_PROTOCOL_FloatToBytes@value                    cstackCOMRAM 000003
CAN_PROTOCOL_SendCommand@canId                     cstackCOMRAM 00001C
CAN_PROTOCOL_SendCommand@command                   cstackCOMRAM 00001E
CAN_PROTOCOL_SendCommand@msg                       cstackCOMRAM 000024
CAN_PROTOCOL_SendCommand@valueBytes                cstackCOMRAM 000020
CAN_PROTOCOL_TryReadResponse@expectedCanId         cstackCOMRAM 000019
CAN_PROTOCOL_TryReadResponse@msg                   cstackCOMRAM 000023
CAN_PROTOCOL_TryReadResponse@receved               cstackCOMRAM 00001D
CAN_PROTOCOL_TryReadResponse@response              cstackCOMRAM 00001B
CAN_receive@returnValue                            cstackCOMRAM 000018
CAN_receive@tempCanMsg                             cstackCOMRAM 000016
CAN_transmit@returnValue                           cstackCOMRAM 000017
CAN_transmit@tempCanMsg                            cstackCOMRAM 000015
CAN_transmit@tempEIDH                              cstackCOMRAM 000018
CAN_transmit@tempEIDL                              cstackCOMRAM 000019
CAN_transmit@tempSIDH                              cstackCOMRAM 00001A
CAN_transmit@tempSIDL                              cstackCOMRAM 00001B
IOCBF0_SetInterruptHandler@InterruptHandler        cstackCOMRAM 000003
IOCBF1_SetInterruptHandler@InterruptHandler        cstackCOMRAM 000003
IOCBF2_SetInterruptHandler@InterruptHandler        cstackCOMRAM 000003
IVTBASEH                                           (abs)        003FD6
IVTBASEL                                           (abs)        003FD5
IVTBASEU                                           (abs)        003FD7
MASTER_AXIS_CLIENT_CommandMove@command             cstackCOMRAM 000004
MASTER_AXIS_CLIENT_Init@id                         cstackCOMRAM 000003
MASTER_AXIS_CLIENT_IsAxisValid@axisId              cstackCOMRAM 000003
MASTER_AXIS_CLIENT_IsCommandValid@command          cstackCOMRAM 000005
MASTER_AXIS_CLIENT_IsReadyForMove@axisId           cstackCOMRAM 000004
MASTER_AXIS_CLIENT_IsReadyForMove@flags            cstackCOMRAM 000005
MASTER_AXIS_CLIENT_PrintResponse@response          cstackCOMRAM 000011
MASTER_AXIS_CLIENT_RequestStatusOnce@axisId        cstackCOMRAM 00003B
MASTER_AXIS_CLIENT_RequestStatusOnce@canResult     cstackCOMRAM 000039
MASTER_AXIS_CLIENT_RequestStatusOnce@commandFrame  cstackCOMRAM 00003C
MASTER_AXIS_CLIENT_RequestStatusOnce@responseFrame cstackCOMRAM 000042
MASTER_AXIS_CLIENT_RequestStatusOnce@thisSequence  cstackCOMRAM 00003A
MASTER_AXIS_CLIENT_SendCommand@axisId              cstackBANK0  0000BA
MASTER_AXIS_CLIENT_SendCommand@canResult           cstackBANK0  0000B1
MASTER_AXIS_CLIENT_SendCommand@command             cstackCOMRAM 00004C
MASTER_AXIS_CLIENT_SendCommand@commandFrame        cstackBANK0  0000B4
MASTER_AXIS_CLIENT_SendCommand@responseFrame       cstackBANK0  0000BB
MASTER_AXIS_CLIENT_SendCommand@retry               cstackBANK0  0000B3
MASTER_AXIS_CLIENT_SendCommand@thisSequence        cstackBANK0  0000B2
MASTER_AXIS_CLIENT_SendCommand@value               cstackCOMRAM 00004D
MASTER_AXIS_CLIENT_UpdateFromResponse@axisId       cstackCOMRAM 000006
MASTER_AXIS_CLIENT_UpdateFromResponse@response     cstackCOMRAM 000004
MASTER_AXIS_CLIENT_WaitForAck@axisId               cstackCOMRAM 000035
MASTER_AXIS_CLIENT_WaitForAck@canResult            cstackCOMRAM 000036
MASTER_AXIS_CLIENT_WaitForAck@expectedSequence     cstackCOMRAM 000031
MASTER_AXIS_CLIENT_WaitForAck@received             cstackCOMRAM 000038
MASTER_AXIS_CLIENT_WaitForAck@response             cstackCOMRAM 000032
MASTER_AXIS_CLIENT_WaitForAck@waitCount            cstackCOMRAM 000037
MASTER_AXIS_CLIENT_WaitUntilReadyForMove@axisId    cstackCOMRAM 00004A
MASTER_AXIS_CLIENT_WaitUntilReadyForMove@i         cstackCOMRAM 00004B
TMR0_SetInterruptHandler@InterruptHandler          cstackCOMRAM 000003
TMR2_ISR@CountCallBack                             bssBANK0     000098
TMR2_SetInterruptHandler@InterruptHandler          cstackCOMRAM 000003
UART1_SetErrorHandler@interruptHandler             cstackCOMRAM 000003
UART1_SetFramingErrorHandler@interruptHandler      cstackCOMRAM 000003
UART1_SetOverrunErrorHandler@interruptHandler      cstackCOMRAM 000003
UART1_SetTxInterruptHandler@InterruptHandler       cstackCOMRAM 000003
_ANSELA                                            (abs)        003A40
_ANSELB                                            (abs)        003A50
_ANSELC                                            (abs)        003A60
_BRGCON1                                           (abs)        003703
_BRGCON2                                           (abs)        003704
_BRGCON3                                           (abs)        003705
_CANCON                                            (abs)        003F8F
_CANRXPPS                                          (abs)        003AED
_CANSTAT                                           (abs)        003F8E
_CAN_PROTOCOL_FloatToBytes                         text23       00197C
_CAN_PROTOCOL_SendCommand                          text20       0012CE
_CAN_PROTOCOL_TryReadResponse                      text16       000C4E
_CAN_receive                                       text17       00037E
_CAN_transmit                                      text21       00001E
_CCPTMRS1bits                                      (abs)        003F5F
_CIOCON                                            (abs)        003700
_COMSTATbits                                       (abs)        003F90
_ECANCON                                           (abs)        003F91
_ECAN_Initialize                                   text47       00107C
_INLVLA                                            (abs)        003A44
_INLVLB                                            (abs)        003A54
_INLVLC                                            (abs)        003A64
_INLVLE                                            (abs)        003A84
_INTCON0bits                                       (abs)        003FD2
_INTERRUPT_Initialize                              text46       001DB4
_INTERRUPT_InterruptManagerHigh                    text49       00120C
_IOCBF0_DefaultInterruptHandler                    text63       001E32
_IOCBF0_ISR                                        text62       001B64
_IOCBF0_InterruptHandler                           nvBANK0      0000AC
_IOCBF0_SetInterruptHandler                        text44       001E12
_IOCBF1_DefaultInterruptHandler                    text61       001E30
_IOCBF1_ISR                                        text60       001B32
_IOCBF1_InterruptHandler                           nvBANK0      0000AA
_IOCBF1_SetInterruptHandler                        text43       001E08
_IOCBF2_DefaultInterruptHandler                    text59       001E2E
_IOCBF2_ISR                                        text58       001B00
_IOCBF2_InterruptHandler                           nvBANK0      0000A8
_IOCBF2_SetInterruptHandler                        text42       001DFE
_IOCBFbits                                         (abs)        003A57
_IOCBNbits                                         (abs)        003A56
_IOCBPbits                                         (abs)        003A55
_IPR0bits                                          (abs)        003980
_IPR3bits                                          (abs)        003983
_IPR4bits                                          (abs)        003984
_LATA                                              (abs)        003FBA
_LATAbits                                          (abs)        003FBA
_LATB                                              (abs)        003FBB
_LATC                                              (abs)        003FBC
_MASTER_AXIS_CLIENT_CommandMove                    text27       001ACE
_MASTER_AXIS_CLIENT_CommandMove$2675               cstackCOMRAM 000003
_MASTER_AXIS_CLIENT_Init                           text48       001920
_MASTER_AXIS_CLIENT_IsAxisValid                    text25       001D84
_MASTER_AXIS_CLIENT_IsCommandValid                 text26       001636
_MASTER_AXIS_CLIENT_IsReadyForMove                 text24       00175A
_MASTER_AXIS_CLIENT_PrintResponse                  text9        000F8A
_MASTER_AXIS_CLIENT_RequestStatusOnce              text6        0014E4
_MASTER_AXIS_CLIENT_SendCommand                    text4        000636
_MASTER_AXIS_CLIENT_UpdateFromResponse             text8        001438
_MASTER_AXIS_CLIENT_WaitForAck                     text7        000E94
_MASTER_AXIS_CLIENT_WaitUntilReadyForMove          text5        0018B8
_ODCONA                                            (abs)        003A42
_ODCONB                                            (abs)        003A52
_ODCONC                                            (abs)        003A62
_OSCCON1                                           (abs)        0039D9
_OSCCON3                                           (abs)        0039DB
_OSCEN                                             (abs)        0039DD
_OSCFRQ                                            (abs)        0039DF
_OSCILLATOR_Initialize                             text45       001D9C
_OSCTUNE                                           (abs)        0039DE
_PIE0bits                                          (abs)        003990
_PIE3bits                                          (abs)        003993
_PIE4bits                                          (abs)        003994
_PIN_MANAGER_IOC                                   text57       001A1E
_PIN_MANAGER_Initialize                            text41       00158E
_PIR0bits                                          (abs)        0039A0
_PIR3bits                                          (abs)        0039A3
_PIR4bits                                          (abs)        0039A4
_PMD0                                              (abs)        0039C0
_PMD1                                              (abs)        0039C1
_PMD2                                              (abs)        0039C2
_PMD3                                              (abs)        0039C3
_PMD4                                              (abs)        0039C4
_PMD5                                              (abs)        0039C5
_PMD6                                              (abs)        0039C6
_PMD7                                              (abs)        0039C7
_PMD_Initialize                                    text40       001CF0
_PORTBbits                                         (abs)        003FCB
_PR2                                               (abs)        003FAB
_PWM5CON                                           (abs)        003F6E
_PWM5DCH                                           (abs)        003F6D
_PWM5DCL                                           (abs)        003F6C
_PWM5_Initialize                                   text39       001D6A
_PWM6CON                                           (abs)        003F6A
_PWM6DCH                                           (abs)        003F69
_PWM6DCL                                           (abs)        003F68
_PWM6_Initialize                                   text38       001D50
_RC0PPS                                            (abs)        003A10
_RC1PPS                                            (abs)        003A11
_RC3PPS                                            (abs)        003A13
_RC7PPS                                            (abs)        003A17
_RXB0CONbits                                       (abs)        003F80
_RXB0D0                                            (abs)        003F86
_RXB0D1                                            (abs)        003F87
_RXB0D2                                            (abs)        003F88
_RXB0D3                                            (abs)        003F89
_RXB0D4                                            (abs)        003F8A
_RXB0D5                                            (abs)        003F8B
_RXB0D6                                            (abs)        003F8C
_RXB0D7                                            (abs)        003F8D
_RXB0DLC                                           (abs)        003F85
_RXB0EIDH                                          (abs)        003F83
_RXB0EIDL                                          (abs)        003F84
_RXB0SIDH                                          (abs)        003F81
_RXB0SIDL                                          (abs)        003F82
_RXB1CONbits                                       (abs)        0037F0
_RXB1D0                                            (abs)        0037F6
_RXB1D1                                            (abs)        0037F7
_RXB1D2                                            (abs)        0037F8
_RXB1D3                                            (abs)        0037F9
_RXB1D4                                            (abs)        0037FA
_RXB1D5                                            (abs)        0037FB
_RXB1D6                                            (abs)        0037FC
_RXB1D7                                            (abs)        0037FD
_RXB1DLC                                           (abs)        0037F5
_RXB1EIDH                                          (abs)        0037F3
_RXB1EIDL                                          (abs)        0037F4
_RXB1SIDH                                          (abs)        0037F1
_RXB1SIDL                                          (abs)        0037F2
_RXF0EIDH                                          (abs)        0037A2
_RXF0EIDL                                          (abs)        0037A3
_RXF0SIDH                                          (abs)        0037A0
_RXF0SIDL                                          (abs)        0037A1
_RXF1EIDH                                          (abs)        0037A6
_RXF1EIDL                                          (abs)        0037A7
_RXF1SIDH                                          (abs)        0037A4
_RXF1SIDL                                          (abs)        0037A5
_RXF2EIDH                                          (abs)        0037AA
_RXF2EIDL                                          (abs)        0037AB
_RXF2SIDH                                          (abs)        0037A8
_RXF2SIDL                                          (abs)        0037A9
_RXF3EIDH                                          (abs)        0037AE
_RXF3EIDL                                          (abs)        0037AF
_RXF3SIDH                                          (abs)        0037AC
_RXF3SIDL                                          (abs)        0037AD
_RXF4EIDH                                          (abs)        0037B2
_RXF4EIDL                                          (abs)        0037B3
_RXF4SIDH                                          (abs)        0037B0
_RXF4SIDL                                          (abs)        0037B1
_RXF5EIDH                                          (abs)        0037B6
_RXF5EIDL                                          (abs)        0037B7
_RXF5SIDH                                          (abs)        0037B4
_RXF5SIDL                                          (abs)        0037B5
_RXM0EIDH                                          (abs)        0037BA
_RXM0EIDL                                          (abs)        0037BB
_RXM0SIDH                                          (abs)        0037B8
_RXM0SIDL                                          (abs)        0037B9
_RXM1EIDH                                          (abs)        0037BE
_RXM1EIDL                                          (abs)        0037BF
_RXM1SIDH                                          (abs)        0037BC
_RXM1SIDL                                          (abs)        0037BD
_SLRCONA                                           (abs)        003A43
_SLRCONB                                           (abs)        003A53
_SLRCONC                                           (abs)        003A63
_SYSTEM_Initialize                                 text28       001C78
_T0CON0                                            (abs)        003FB8
_T0CON0bits                                        (abs)        003FB8
_T0CON1                                            (abs)        003FB9
_T2CLKCON                                          (abs)        003FAE
_T2CON                                             (abs)        003FAC
_T2CONbits                                         (abs)        003FAC
_T2HLT                                             (abs)        003FAD
_T2HLTbits                                         (abs)        003FAD
_T2PR                                              (abs)        003FAB
_T2RST                                             (abs)        003FAF
_T2RSTbits                                         (abs)        003FAF
_T2TMR                                             (abs)        003FAA
_TMR0H                                             (abs)        003FB7
_TMR0L                                             (abs)        003FB6
_TMR0_CallBack                                     text55       001BF4
_TMR0_DefaultInterruptHandler                      text56       001E2C
_TMR0_ISR                                          text54       001E1C
_TMR0_Initialize                                   text36       001CCC
_TMR0_InterruptHandler                             nvBANK0      0000AE
_TMR0_SetInterruptHandler                          text37       001DF4
_TMR2                                              (abs)        003FAA
_TMR2_CallBack                                     text52       001BC6
_TMR2_DefaultInterruptHandler                      text53       001E2A
_TMR2_ISR                                          text51       001B96
_TMR2_Initialize                                   text34       001CA2
_TMR2_InterruptHandler                             nvBANK0      00009E
_TMR2_SetInterruptHandler                          text35       001DEA
_TRISA                                             (abs)        003FC2
_TRISB                                             (abs)        003FC3
_TRISC                                             (abs)        003FC4
_TXB0CONbits                                       (abs)        0037E0
_TXB0D0                                            (abs)        0037E6
_TXB0D1                                            (abs)        0037E7
_TXB0D2                                            (abs)        0037E8
_TXB0D3                                            (abs)        0037E9
_TXB0D4                                            (abs)        0037EA
_TXB0D5                                            (abs)        0037EB
_TXB0D6                                            (abs)        0037EC
_TXB0D7                                            (abs)        0037ED
_TXB0DLC                                           (abs)        0037E5
_TXB0EIDH                                          (abs)        0037E3
_TXB0EIDL                                          (abs)        0037E4
_TXB0SIDH                                          (abs)        0037E1
_TXB0SIDL                                          (abs)        0037E2
_TXB1CONbits                                       (abs)        0037D0
_TXB1D0                                            (abs)        0037D6
_TXB1D1                                            (abs)        0037D7
_TXB1D2                                            (abs)        0037D8
_TXB1D3                                            (abs)        0037D9
_TXB1D4                                            (abs)        0037DA
_TXB1D5                                            (abs)        0037DB
_TXB1D6                                            (abs)        0037DC
_TXB1D7                                            (abs)        0037DD
_TXB1DLC                                           (abs)        0037D5
_TXB1EIDH                                          (abs)        0037D3
_TXB1EIDL                                          (abs)        0037D4
_TXB1SIDH                                          (abs)        0037D1
_TXB1SIDL                                          (abs)        0037D2
_TXB2CONbits                                       (abs)        0037C0
_TXB2D0                                            (abs)        0037C6
_TXB2D1                                            (abs)        0037C7
_TXB2D2                                            (abs)        0037C8
_TXB2D3                                            (abs)        0037C9
_TXB2D4                                            (abs)        0037CA
_TXB2D5                                            (abs)        0037CB
_TXB2D6                                            (abs)        0037CC
_TXB2D7                                            (abs)        0037CD
_TXB2DLC                                           (abs)        0037C5
_TXB2EIDH                                          (abs)        0037C3
_TXB2EIDL                                          (abs)        0037C4
_TXB2SIDH                                          (abs)        0037C1
_TXB2SIDL                                          (abs)        0037C2
_U1BRGH                                            (abs)        003DF6
_U1BRGL                                            (abs)        003DF5
_U1CON0                                            (abs)        003DF2
_U1CON1                                            (abs)        003DF3
_U1CON2                                            (abs)        003DF4
_U1ERRIE                                           (abs)        003DFA
_U1ERRIR                                           (abs)        003DF9
_U1ERRIRbits                                       (abs)        003DF9
_U1FIFO                                            (abs)        003DF7
_U1P1H                                             (abs)        003DED
_U1P1L                                             (abs)        003DEC
_U1P2H                                             (abs)        003DEF
_U1P2L                                             (abs)        003DEE
_U1P3H                                             (abs)        003DF1
_U1P3L                                             (abs)        003DF0
_U1RXB                                             (abs)        003DE8
_U1RXPPS                                           (abs)        003AE7
_U1TXB                                             (abs)        003DEA
_U1UIR                                             (abs)        003DF8
_UART1_DefaultErrorHandler                         (abs)        000000
_UART1_DefaultFramingErrorHandler                  (abs)        000000
_UART1_DefaultOverrunErrorHandler                  (abs)        000000
_UART1_ErrorHandler                                nvBANK0      0000A0
_UART1_FramingErrorHandler                         nvBANK0      0000A4
_UART1_Initialize                                  text29       0016D4
_UART1_OverrunErrorHandler                         nvBANK0      0000A2
_UART1_SetErrorHandler                             text33       001DE0
_UART1_SetFramingErrorHandler                      text32       001DD6
_UART1_SetOverrunErrorHandler                      text31       001DCC
_UART1_SetTxInterruptHandler                       text30       001DC2
_UART1_Transmit_ISR                                text50       0019D6
_UART1_TxInterruptHandler                          nvBANK0      0000A6
_UART_Write                                        bssBANK0     000096
_WPUA                                              (abs)        003A41
_WPUB                                              (abs)        003A51
_WPUC                                              (abs)        003A61
_WPUE                                              (abs)        003A81
__HRAM                                             (abs)        000000
__Habs1                                            abs1         000000
__Hbank0                                           bank0        000000
__Hbank1                                           bank1        000000
__Hbank10                                          bank10       000000
__Hbank11                                          bank11       000000
__Hbank12                                          bank12       000000
__Hbank13                                          bank13       000000
__Hbank14                                          bank14       000000
__Hbank15                                          bank15       000000
__Hbank2                                           bank2        000000
__Hbank3                                           bank3        000000
__Hbank4                                           bank4        000000
__Hbank5                                           bank5        000000
__Hbank6                                           bank6        000000
__Hbank7                                           bank7        000000
__Hbank8                                           bank8        000000
__Hbank9                                           bank9        000000
__Hbigbss                                          bigbss       000000
__Hbigdata                                         bigdata      000000
__Hbigram                                          bigram       000000
__Hbigsfr                                          bigsfr       000000
__Hbss                                             bss          000000
__HbssBANK0                                        bssBANK0     000000
__HbssBANK1                                        bssBANK1     000000
__HbssCOMRAM                                       bssCOMRAM    000000
__Hcinit                                           cinit        000000
__Hclrtext                                         clrtext      000000
__Hcomram                                          comram       000000
__Hconfig                                          config       30000A
__Hconst                                           const        000000
__HcstackBANK0                                     cstackBANK0  000000
__HcstackCOMRAM                                    cstackCOMRAM 000000
__Hdata                                            data         000000
__HdataBANK0                                       dataBANK0    000000
__HdataCOMRAM                                      dataCOMRAM   000000
__Heeprom_data                                     eeprom_data  000000
__Hfarbss                                          farbss       000000
__Hfardata                                         fardata      000000
__Hheap                                            heap         000000
__Hibigdata                                        ibigdata     000000
__Hidata                                           idata        000000
__HidataBANK0                                      idataBANK0   000000
__HidataCOMRAM                                     idataCOMRAM  000000
__Hidloc                                           idloc        200010
__Hifardata                                        ifardata     000000
__Hinit                                            init         00001E
__Hintsave_regs                                    intsave_regs 000000
__Hirdata                                          irdata       000000
__Hivt0x8                                          ivt0x8       00001A
__Hmediumconst                                     mediumconst  010000
__HnvBANK0                                         nvBANK0      000000
__HnvFARRAM                                        nvFARRAM     000000
__Hnvbit                                           nvbit        000000
__Hnvrram                                          nvrram       000000
__Hparam                                           rparam       000000
__Hpowerup                                         powerup      000000
__Hram                                             ram          000000
__Hramtop                                          ramtop       001000
__Hrbit                                            rbit         000000
__Hrbss                                            rbss         000000
__Hrdata                                           rdata        000000
__Hreset_vec                                       reset_vec    000004
__Hrparam                                          rparam       000000
__Hsfr                                             sfr          000000
__Hsmallconst                                      smallconst   000000
__Hspace_0                                         (abs)        010000
__Hspace_1                                         (abs)        000140
__Hspace_2                                         (abs)        000000
__Hspace_4                                         (abs)        60000A
__Hstack                                           stack        000000
__Hstruct                                          struct       000000
__Htemp                                            temp         000000
__Htext                                            text         000000
__Htext0                                           text0        000000
__Htext1                                           text1        000000
__Htext10                                          text10       000000
__Htext11                                          text11       000000
__Htext12                                          text12       000000
__Htext13                                          text13       000000
__Htext14                                          text14       000000
__Htext15                                          text15       000000
__Htext16                                          text16       000000
__Htext17                                          text17       000000
__Htext18                                          text18       000000
__Htext19                                          text19       000000
__Htext2                                           text2        000000
__Htext20                                          text20       000000
__Htext21                                          text21       000000
__Htext22                                          text22       000000
__Htext23                                          text23       000000
__Htext24                                          text24       000000
__Htext25                                          text25       000000
__Htext26                                          text26       000000
__Htext27                                          text27       000000
__Htext28                                          text28       000000
__Htext29                                          text29       000000
__Htext3                                           text3        000000
__Htext30                                          text30       000000
__Htext31                                          text31       000000
__Htext32                                          text32       000000
__Htext33                                          text33       000000
__Htext34                                          text34       000000
__Htext35                                          text35       000000
__Htext36                                          text36       000000
__Htext37                                          text37       000000
__Htext38                                          text38       000000
__Htext39                                          text39       000000
__Htext4                                           text4        000000
__Htext40                                          text40       000000
__Htext41                                          text41       000000
__Htext42                                          text42       000000
__Htext43                                          text43       000000
__Htext44                                          text44       000000
__Htext45                                          text45       000000
__Htext46                                          text46       000000
__Htext47                                          text47       000000
__Htext48                                          text48       000000
__Htext49                                          text49       000000
__Htext5                                           text5        000000
__Htext50                                          text50       000000
__Htext51                                          text51       000000
__Htext52                                          text52       000000
__Htext53                                          text53       000000
__Htext54                                          text54       000000
__Htext55                                          text55       000000
__Htext56                                          text56       000000
__Htext57                                          text57       000000
__Htext58                                          text58       000000
__Htext59                                          text59       000000
__Htext6                                           text6        000000
__Htext60                                          text60       000000
__Htext61                                          text61       000000
__Htext62                                          text62       000000
__Htext63                                          text63       000000
__Htext64                                          text64       000000
__Htext7                                           text7        000000
__Htext8                                           text8        000000
__Htext9                                           text9        000000
__LRAM                                             (abs)        000001
__Labs1                                            abs1         000000
__Lbank0                                           bank0        000000
__Lbank1                                           bank1        000000
__Lbank10                                          bank10       000000
__Lbank11                                          bank11       000000
__Lbank12                                          bank12       000000
__Lbank13                                          bank13       000000
__Lbank14                                          bank14       000000
__Lbank15                                          bank15       000000
__Lbank2                                           bank2        000000
__Lbank3                                           bank3        000000
__Lbank4                                           bank4        000000
__Lbank5                                           bank5        000000
__Lbank6                                           bank6        000000
__Lbank7                                           bank7        000000
__Lbank8                                           bank8        000000
__Lbank9                                           bank9        000000
__Lbigbss                                          bigbss       000000
__Lbigdata                                         bigdata      000000
__Lbigram                                          bigram       000000
__Lbigsfr                                          bigsfr       000000
__Lbss                                             bss          000000
__LbssBANK0                                        bssBANK0     000000
__LbssBANK1                                        bssBANK1     000000
__LbssCOMRAM                                       bssCOMRAM    000000
__Lcinit                                           cinit        000000
__Lclrtext                                         clrtext      000000
__Lcomram                                          comram       000000
__Lconfig                                          config       000000
__Lconst                                           const        000000
__LcstackBANK0                                     cstackBANK0  000000
__LcstackCOMRAM                                    cstackCOMRAM 000000
__Ldata                                            data         000000
__LdataBANK0                                       dataBANK0    000000
__LdataCOMRAM                                      dataCOMRAM   000000
__Leeprom_data                                     eeprom_data  000000
__Lfarbss                                          farbss       000000
__Lfardata                                         fardata      000000
__Lheap                                            heap         000000
__Libigdata                                        ibigdata     000000
__Lidata                                           idata        000000
__LidataBANK0                                      idataBANK0   000000
__LidataCOMRAM                                     idataCOMRAM  000000
__Lidloc                                           idloc        000000
__Lifardata                                        ifardata     000000
__Linit                                            init         00001A
__Lintsave_regs                                    intsave_regs 000000
__Lirdata                                          irdata       000000
__Livt0x8                                          ivt0x8       000008
__Lmediumconst                                     mediumconst  00FE4C
__LnvBANK0                                         nvBANK0      000000
__LnvFARRAM                                        nvFARRAM     000000
__Lnvbit                                           nvbit        000000
__Lnvrram                                          nvrram       000000
__Lparam                                           rparam       000000
__Lpowerup                                         powerup      000000
__Lram                                             ram          000000
__Lramtop                                          ramtop       001000
__Lrbit                                            rbit         000000
__Lrbss                                            rbss         000000
__Lrdata                                           rdata        000000
__Lreset_vec                                       reset_vec    000000
__Lrparam                                          rparam       000000
__Lsfr                                             sfr          000000
__Lsmallconst                                      smallconst   000000
__Lspace_0                                         (abs)        000000
__Lspace_1                                         (abs)        000000
__Lspace_2                                         (abs)        000000
__Lspace_4                                         (abs)        000000
__Lstack                                           stack        000000
__Lstruct                                          struct       000000
__Ltemp                                            temp         000000
__Ltext                                            text         000000
__Ltext0                                           text0        000000
__Ltext1                                           text1        000000
__Ltext10                                          text10       000000
__Ltext11                                          text11       000000
__Ltext12                                          text12       000000
__Ltext13                                          text13       000000
__Ltext14                                          text14       000000
__Ltext15                                          text15       000000
__Ltext16                                          text16       000000
__Ltext17                                          text17       000000
__Ltext18                                          text18       000000
__Ltext19                                          text19       000000
__Ltext2                                           text2        000000
__Ltext20                                          text20       000000
__Ltext21                                          text21       000000
__Ltext22                                          text22       000000
__Ltext23                                          text23       000000
__Ltext24                                          text24       000000
__Ltext25                                          text25       000000
__Ltext26                                          text26       000000
__Ltext27                                          text27       000000
__Ltext28                                          text28       000000
__Ltext29                                          text29       000000
__Ltext3                                           text3        000000
__Ltext30                                          text30       000000
__Ltext31                                          text31       000000
__Ltext32                                          text32       000000
__Ltext33                                          text33       000000
__Ltext34                                          text34       000000
__Ltext35                                          text35       000000
__Ltext36                                          text36       000000
__Ltext37                                          text37       000000
__Ltext38                                          text38       000000
__Ltext39                                          text39       000000
__Ltext4                                           text4        000000
__Ltext40                                          text40       000000
__Ltext41                                          text41       000000
__Ltext42                                          text42       000000
__Ltext43                                          text43       000000
__Ltext44                                          text44       000000
__Ltext45                                          text45       000000
__Ltext46                                          text46       000000
__Ltext47                                          text47       000000
__Ltext48                                          text48       000000
__Ltext49                                          text49       000000
__Ltext5                                           text5        000000
__Ltext50                                          text50       000000
__Ltext51                                          text51       000000
__Ltext52                                          text52       000000
__Ltext53                                          text53       000000
__Ltext54                                          text54       000000
__Ltext55                                          text55       000000
__Ltext56                                          text56       000000
__Ltext57                                          text57       000000
__Ltext58                                          text58       000000
__Ltext59                                          text59       000000
__Ltext6                                           text6        000000
__Ltext60                                          text60       000000
__Ltext61                                          text61       000000
__Ltext62                                          text62       000000
__Ltext63                                          text63       000000
__Ltext64                                          text64       000000
__Ltext7                                           text7        000000
__Ltext8                                           text8        000000
__Ltext9                                           text9        000000
__S0                                               (abs)        010000
__S1                                               (abs)        000140
__S4                                               (abs)        000000
__S5                                               (abs)        000000
___awdiv                                           text14       001148
___awdiv@counter                                   cstackCOMRAM 000007
___awdiv@dividend                                  cstackCOMRAM 000003
___awdiv@divisor                                   cstackCOMRAM 000005
___awdiv@quotient                                  cstackCOMRAM 000009
___awdiv@sign                                      cstackCOMRAM 000008
___awmod                                           text13       001388
___awmod@counter                                   cstackCOMRAM 000007
___awmod@dividend                                  cstackCOMRAM 000003
___awmod@divisor                                   cstackCOMRAM 000005
___awmod@sign                                      cstackCOMRAM 000008
___heap_hi                                         (abs)        000000
___heap_lo                                         (abs)        000000
___inthi_sp                                        stack        000000
___intlo_sp                                        stack        000000
___param_bank                                      (abs)        000000
___rparam_used                                     (abs)        000001
___sp                                              stack        000000
___wmul                                            text15       001C4E
___wmul@multiplicand                               cstackCOMRAM 000005
___wmul@multiplier                                 cstackCOMRAM 000003
___wmul@product                                    cstackCOMRAM 000007
__accesstop                                        (abs)        000060
__activetblptr                                     (abs)        000003
__end_of_CAN_PROTOCOL_FloatToBytes                 text23       0019D6
__end_of_CAN_PROTOCOL_SendCommand                  text20       001388
__end_of_CAN_PROTOCOL_TryReadResponse              text16       000D78
__end_of_CAN_receive                               text17       000636
__end_of_CAN_transmit                              text21       00037E
__end_of_ECAN_Initialize                           text47       001148
__end_of_INTERRUPT_Initialize                      text46       001DC2
__end_of_INTERRUPT_InterruptManagerHigh            text49       0012CE
__end_of_IOCBF0_DefaultInterruptHandler            text63       001E34
__end_of_IOCBF0_ISR                                text62       001B96
__end_of_IOCBF0_SetInterruptHandler                text44       001E1C
__end_of_IOCBF1_DefaultInterruptHandler            text61       001E32
__end_of_IOCBF1_ISR                                text60       001B64
__end_of_IOCBF1_SetInterruptHandler                text43       001E12
__end_of_IOCBF2_DefaultInterruptHandler            text59       001E30
__end_of_IOCBF2_ISR                                text58       001B32
__end_of_IOCBF2_SetInterruptHandler                text42       001E08
__end_of_MASTER_AXIS_CLIENT_CommandMove            text27       001B00
__end_of_MASTER_AXIS_CLIENT_Init                   text48       00197C
__end_of_MASTER_AXIS_CLIENT_IsAxisValid            text25       001D9C
__end_of_MASTER_AXIS_CLIENT_IsCommandValid         text26       0016D4
__end_of_MASTER_AXIS_CLIENT_IsReadyForMove         text24       0017D4
__end_of_MASTER_AXIS_CLIENT_PrintResponse          text9        00107C
__end_of_MASTER_AXIS_CLIENT_RequestStatusOnce      text6        00158E
__end_of_MASTER_AXIS_CLIENT_SendCommand            text4        000818
__end_of_MASTER_AXIS_CLIENT_UpdateFromResponse     text8        0014E4
__end_of_MASTER_AXIS_CLIENT_WaitForAck             text7        000F8A
__end_of_MASTER_AXIS_CLIENT_WaitUntilReadyForMove  text5        001920
__end_of_OSCILLATOR_Initialize                     text45       001DB4
__end_of_PIN_MANAGER_IOC                           text57       001A5C
__end_of_PIN_MANAGER_Initialize                    text41       001636
__end_of_PMD_Initialize                            text40       001D14
__end_of_PWM5_Initialize                           text39       001D84
__end_of_PWM6_Initialize                           text38       001D6A
__end_of_SYSTEM_Initialize                         text28       001CA2
__end_of_TMR0_CallBack                             text55       001C22
__end_of_TMR0_DefaultInterruptHandler              text56       001E2E
__end_of_TMR0_ISR                                  text54       001E26
__end_of_TMR0_Initialize                           text36       001CF0
__end_of_TMR0_SetInterruptHandler                  text37       001DFE
__end_of_TMR2_CallBack                             text52       001BF4
__end_of_TMR2_DefaultInterruptHandler              text53       001E2C
__end_of_TMR2_ISR                                  text51       001BC6
__end_of_TMR2_Initialize                           text34       001CCC
__end_of_TMR2_SetInterruptHandler                  text35       001DF4
__end_of_UART1_Initialize                          text29       00175A
__end_of_UART1_SetErrorHandler                     text33       001DEA
__end_of_UART1_SetFramingErrorHandler              text32       001DE0
__end_of_UART1_SetOverrunErrorHandler              text31       001DD6
__end_of_UART1_SetTxInterruptHandler               text30       001DCC
__end_of_UART1_Transmit_ISR                        text50       001A1E
__end_of___awdiv                                   text14       00120C
__end_of___awmod                                   text13       001438
__end_of___wmul                                    text15       001C78
__end_of__initialization                           cinit        0018B2
__end_of_axisToMasterId                            mediumconst  00FE66
__end_of_charset                                   mediumconst  00FE5E
__end_of_convertCANid2Reg                          text22       0009B0
__end_of_convertReg2ExtendedCANid                  text19       000C4E
__end_of_convertReg2StandardCANid                  text18       00184C
__end_of_main                                      text0        000E94
__end_of_masterToAxisId                            mediumconst  00FE6E
__end_of_pulse_err_led                             text3        001D50
__end_of_pulse_ok_led                              text2        001D32
__end_of_send_and_blink                            text1        001A98
__end_of_send_int16_as_str_to_uart                 text11       001ACE
__end_of_send_string                               text10       001C4E
__end_of_send_uint16_as_str_to_uart                text12       000B14
__initialization                                   cinit        00184C
__mediumconst                                      mediumconst  00FE4C
__pbssBANK0                                        bssBANK0     000060
__pbssBANK1                                        bssBANK1     000100
__pbssCOMRAM                                       bssCOMRAM    000057
__pcinit                                           cinit        00184C
__pcstackBANK0                                     cstackBANK0  0000B1
__pcstackCOMRAM                                    cstackCOMRAM 000001
__pdataBANK0                                       dataBANK0    0000C3
__pdataCOMRAM                                      dataCOMRAM   00005C
__pidataBANK0                                      idataBANK0   001E28
__pidataCOMRAM                                     idataCOMRAM  001E26
__pivt0x8                                          ivt0x8       000008
__pmediumconst                                     mediumconst  00FE4C
__pnvBANK0                                         nvBANK0      00009E
__ptext0                                           text0        000D78
__ptext1                                           text1        001A5C
__ptext10                                          text10       001C22
__ptext11                                          text11       001A98
__ptext12                                          text12       0009B0
__ptext13                                          text13       001388
__ptext14                                          text14       001148
__ptext15                                          text15       001C4E
__ptext16                                          text16       000C4E
__ptext17                                          text17       00037E
__ptext18                                          text18       0017D4
__ptext19                                          text19       000B14
__ptext2                                           text2        001D14
__ptext20                                          text20       0012CE
__ptext21                                          text21       00001E
__ptext22                                          text22       000818
__ptext23                                          text23       00197C
__ptext24                                          text24       00175A
__ptext25                                          text25       001D84
__ptext26                                          text26       001636
__ptext27                                          text27       001ACE
__ptext28                                          text28       001C78
__ptext29                                          text29       0016D4
__ptext3                                           text3        001D32
__ptext30                                          text30       001DC2
__ptext31                                          text31       001DCC
__ptext32                                          text32       001DD6
__ptext33                                          text33       001DE0
__ptext34                                          text34       001CA2
__ptext35                                          text35       001DEA
__ptext36                                          text36       001CCC
__ptext37                                          text37       001DF4
__ptext38                                          text38       001D50
__ptext39                                          text39       001D6A
__ptext4                                           text4        000636
__ptext40                                          text40       001CF0
__ptext41                                          text41       00158E
__ptext42                                          text42       001DFE
__ptext43                                          text43       001E08
__ptext44                                          text44       001E12
__ptext45                                          text45       001D9C
__ptext46                                          text46       001DB4
__ptext47                                          text47       00107C
__ptext48                                          text48       001920
__ptext49                                          text49       00120C
__ptext5                                           text5        0018B8
__ptext50                                          text50       0019D6
__ptext51                                          text51       001B96
__ptext52                                          text52       001BC6
__ptext53                                          text53       001E2A
__ptext54                                          text54       001E1C
__ptext55                                          text55       001BF4
__ptext56                                          text56       001E2C
__ptext57                                          text57       001A1E
__ptext58                                          text58       001B00
__ptext59                                          text59       001E2E
__ptext6                                           text6        0014E4
__ptext60                                          text60       001B32
__ptext61                                          text61       001E30
__ptext62                                          text62       001B64
__ptext63                                          text63       001E32
__ptext64                                          text64       000000
__ptext7                                           text7        000E94
__ptext8                                           text8        001438
__ptext9                                           text9        000F8A
__ramtop                                           ramtop       001000
__smallconst                                       smallconst   000000
_activeTimersCount                                 dataCOMRAM   00005D
_axisToMasterId                                    mediumconst  00FE5E
_convertCANid2Reg                                  text22       000818
_convertReg2ExtendedCANid                          text19       000B14
_convertReg2StandardCANid                          text18       0017D4
_g_encoderPrevAB                                   bssBANK0     00009D
_g_encoderPrevABValid                              bssBANK0     00009C
_g_encoderRawCount                                 bssBANK0     00007C
_g_motorDirection                                  bssBANK0     00009A
_g_motorStepEnabled                                bssBANK0     00009B
_g_motorStepIndex                                  bssCOMRAM    000057
_g_motorStepMode                                   dataCOMRAM   00005C
_g_motorTickCounter                                bssBANK0     000094
_g_motorTicksPerStep                               dataBANK0    0000C3
_lastFault                                         bssBANK0     000084
_lastFlags                                         bssBANK0     000080
_lastResult                                        bssBANK0     000088
_lastState                                         bssBANK0     00008C
_main                                              text0        000D78
_masterToAxisId                                    mediumconst  00FE66
_milliseconds                                      bssBANK0     000060
_millisecondsVar                                   bssBANK0     000090
_pulse_err_led                                     text3        001D32
_pulse_ok_led                                      text2        001D14
_send_and_blink                                    text1        001A5C
_send_int16_as_str_to_uart                         text11       001A98
_send_string                                       text10       001C22
_send_uint16_as_str_to_uart                        text12       0009B0
_sequence                                          bssCOMRAM    000058
_uart1RxLastError                                  bssCOMRAM    000059
_uart1TxBuffer                                     bssBANK1     000100
_uart1TxBufferRemaining                            nvBANK0      0000B0
_uart1TxHead                                       bssCOMRAM    00005B
_uart1TxTail                                       bssCOMRAM    00005A
convertCANid2Reg@canIdType                         cstackCOMRAM 000007
convertCANid2Reg@passedInEIDH                      cstackCOMRAM 000008
convertCANid2Reg@passedInEIDL                      cstackCOMRAM 00000A
convertCANid2Reg@passedInSIDH                      cstackCOMRAM 00000C
convertCANid2Reg@passedInSIDL                      cstackCOMRAM 00000E
convertCANid2Reg@tempPassedInID                    cstackCOMRAM 000003
convertCANid2Reg@wipSIDL                           cstackCOMRAM 000014
convertReg2ExtendedCANid@CAN_standardLo_ID_hi3bits cstackCOMRAM 000011
convertReg2ExtendedCANid@CAN_standardLo_ID_lo2bits cstackCOMRAM 000010
convertReg2ExtendedCANid@ConvertedID               cstackCOMRAM 000012
convertReg2ExtendedCANid@returnValue               cstackCOMRAM 00000C
convertReg2ExtendedCANid@tempRXBn_EIDH             cstackCOMRAM 00000B
convertReg2ExtendedCANid@tempRXBn_EIDL             cstackCOMRAM 000003
convertReg2ExtendedCANid@tempRXBn_SIDH             cstackCOMRAM 000004
convertReg2ExtendedCANid@tempRXBn_SIDL             cstackCOMRAM 000005
convertReg2StandardCANid@ConvertedID               cstackCOMRAM 00000E
convertReg2StandardCANid@returnValue               cstackCOMRAM 00000A
convertReg2StandardCANid@tempRXBn_SIDH             cstackCOMRAM 000009
convertReg2StandardCANid@tempRXBn_SIDL             cstackCOMRAM 000003
end_of_initialization                              cinit        0018B2
intlevel0                                          text         000000
intlevel1                                          text         000000
intlevel2                                          text         000000
intlevel3                                          text         000000
isa$std                                            (abs)        000001
isa$xinst                                          (abs)        000000
ivt0x8_base                                        ivt0x8       000008
send_and_blink@cmd                                 cstackCOMRAM 000055
send_and_blink@ok                                  cstackCOMRAM 000056
send_and_blink@value                               cstackCOMRAM 000051
send_int16_as_str_to_uart@number                   cstackCOMRAM 00000F
send_string@p                                      cstackCOMRAM 000003
send_uint16_as_str_to_uart@curr_char               cstackCOMRAM 00000E
send_uint16_as_str_to_uart@number                  cstackCOMRAM 00000B
send_uint16_as_str_to_uart@sending                 cstackCOMRAM 00000D
stackhi                                            (abs)        000000
stacklo                                            (abs)        000000
start                                              init         00001A
start_initialization                               cinit        00184C


MODULE INFORMATION

Module		Function		Class		Link	Load	Size
mcc_generated_files/pwm6.c
		_PWM6_Initialize		CODE           	1D50	0000	26

mcc_generated_files/pwm6.c estimated size: 26

mcc_generated_files/tmr2.c
		_TMR2_ISR      		CODE           	1B96	0000	48
		_TMR2_Initialize		CODE           	1CA2	0000	42
		_TMR2_SetInterruptHandler		CODE           	1DEA	0000	10
		_TMR2_DefaultInterruptHandler		CODE           	1E2A	0000	2
		_TMR2_CallBack 		CODE           	1BC6	0000	46

mcc_generated_files/tmr2.c estimated size: 148

mcc_generated_files/interrupt_manager.c
		_INTERRUPT_Initialize		CODE           	1DB4	0000	14
		_INTERRUPT_InterruptManagerHigh		CODE           	120C	0000	194

mcc_generated_files/interrupt_manager.c estimated size: 208

C:\Program Files\Microchip\xc8\v2.36\pic\sources\c99\common\awmod.c
		___awmod       		CODE           	1388	0000	176

C:\Program Files\Microchip\xc8\v2.36\pic\sources\c99\common\awmod.c estimated size: 176

mcc_generated_files/tmr0.c
		_TMR0_SetInterruptHandler		CODE           	1DF4	0000	10
		_TMR0_DefaultInterruptHandler		CODE           	1E2C	0000	2
		_TMR0_CallBack 		CODE           	1BF4	0000	46
		_TMR0_ISR      		CODE           	1E1C	0000	10
		_TMR0_Initialize		CODE           	1CCC	0000	36

mcc_generated_files/tmr0.c estimated size: 104

mcc_generated_files/pin_manager.c
		_IOCBF0_ISR    		CODE           	1B64	0000	50
		_PIN_MANAGER_Initialize		CODE           	158E	0000	168
		_IOCBF2_SetInterruptHandler		CODE           	1DFE	0000	10
		_IOCBF1_DefaultInterruptHandler		CODE           	1E30	0000	2
		_IOCBF1_ISR    		CODE           	1B32	0000	50
		_IOCBF0_SetInterruptHandler		CODE           	1E12	0000	10
		_IOCBF2_DefaultInterruptHandler		CODE           	1E2E	0000	2
		_PIN_MANAGER_IOC		CODE           	1A1E	0000	62
		_IOCBF2_ISR    		CODE           	1B00	0000	50
		_IOCBF1_SetInterruptHandler		CODE           	1E08	0000	10
		_IOCBF0_DefaultInterruptHandler		CODE           	1E32	0000	2

mcc_generated_files/pin_manager.c estimated size: 416

mcc_generated_files/ecan.c
		_CAN_receive   		CODE           	037E	0000	696
		_ECAN_Initialize		CODE           	107C	0000	204
		_convertReg2ExtendedCANid		CODE           	0B14	0000	314
		_CAN_transmit  		CODE           	001E	0000	864
		_convertReg2StandardCANid		CODE           	17D4	0000	120
		_convertCANid2Reg		CODE           	0818	0000	408

mcc_generated_files/ecan.c estimated size: 2606

mcc_generated_files/uart1.c
		_UART1_SetFramingErrorHandler		CODE           	1DD6	0000	10
		_UART1_SetOverrunErrorHandler		CODE           	1DCC	0000	10
		_UART1_SetTxInterruptHandler		CODE           	1DC2	0000	10
		_UART1_Initialize		CODE           	16D4	0000	134
		_UART1_SetErrorHandler		CODE           	1DE0	0000	10
		_UART1_Transmit_ISR		CODE           	19D6	0000	72

mcc_generated_files/uart1.c estimated size: 246

C:\Program Files\Microchip\xc8\v2.36\pic\sources\c99\common\awdiv.c
		___awdiv       		CODE           	1148	0000	196

C:\Program Files\Microchip\xc8\v2.36\pic\sources\c99\common\awdiv.c estimated size: 196

shared
		__initialization		CODE           	184C	0000	102
		_charset       		MEDIUMCONST    	0000	0000	0
		_masterToAxisId		MEDIUMCONST    	FE66	0000	8
		_axisToMasterId		MEDIUMCONST    	FE5E	0000	8

shared estimated size: 118

mcc_generated_files/pwm5.c
		_PWM5_Initialize		CODE           	1D6A	0000	26

mcc_generated_files/pwm5.c estimated size: 26

mcc_generated_files/mcc.c
		_PMD_Initialize		CODE           	1CF0	0000	36
		_OSCILLATOR_Initialize		CODE           	1D9C	0000	24
		_SYSTEM_Initialize		CODE           	1C78	0000	42

mcc_generated_files/mcc.c estimated size: 102

uart_print.c
		_send_int16_as_str_to_uart		CODE           	1A98	0000	54
		_send_string   		CODE           	1C22	0000	44
		_send_uint16_as_str_to_uart		CODE           	09B0	0000	356

uart_print.c estimated size: 454

master_axis_client.c
		_MASTER_AXIS_CLIENT_IsReadyForMove		CODE           	175A	0000	122
		_MASTER_AXIS_CLIENT_Init		CODE           	1920	0000	92
		_MASTER_AXIS_CLIENT_WaitUntilReadyForMove		CODE           	18B8	0000	104
		_MASTER_AXIS_CLIENT_RequestStatusOnce		CODE           	14E4	0000	170
		_MASTER_AXIS_CLIENT_WaitForAck		CODE           	0E94	0000	246
		_MASTER_AXIS_CLIENT_IsAxisValid		CODE           	1D84	0000	24
		_MASTER_AXIS_CLIENT_SendCommand		CODE           	0636	0000	482
		_MASTER_AXIS_CLIENT_PrintResponse		CODE           	0F8A	0000	242
		_MASTER_AXIS_CLIENT_UpdateFromResponse		CODE           	1438	0000	172
		_MASTER_AXIS_CLIENT_CommandMove		CODE           	1ACE	0000	50
		_MASTER_AXIS_CLIENT_IsCommandValid		CODE           	1636	0000	158

master_axis_client.c estimated size: 1862

can_protocol.c
		_CAN_PROTOCOL_TryReadResponse		CODE           	0C4E	0000	298
		_CAN_PROTOCOL_SendCommand		CODE           	12CE	0000	186
		_CAN_PROTOCOL_FloatToBytes		CODE           	197C	0000	90

can_protocol.c estimated size: 574

main.c
		_main          		CODE           	0D78	0000	284
		_send_and_blink		CODE           	1A5C	0000	60
		_pulse_ok_led  		CODE           	1D14	0000	30
		_pulse_err_led 		CODE           	1D32	0000	30

main.c estimated size: 404

C:\Program Files\Microchip\xc8\v2.36\pic\sources\c99\common\Umul16.c
		___wmul        		CODE           	1C4E	0000	42

C:\Program Files\Microchip\xc8\v2.36\pic\sources\c99\common\Umul16.c estimated size: 42

